Archive member included because of file (symbol)

/home/liuboyuan/workspace/Hi3518_SDK_V1.0.8.0/mpp/lib/libmpi.a(mpi_region.o)
                              /home/liuboyuan/workspace/Hi3518_SDK_V1.0.8.0/mpp/3516C_src/base/base_mw_overlay.o (HI_MPI_RGN_GetDisplayAttr)
/home/liuboyuan/workspace/Hi3518_SDK_V1.0.8.0/mpp/lib/libmpi.a(mpi_sys.o)
                              /home/liuboyuan/workspace/Hi3518_SDK_V1.0.8.0/mpp/3516C_src/base/base_comm_sys.o (HI_MPI_SYS_SetConf)
/home/liuboyuan/workspace/Hi3518_SDK_V1.0.8.0/mpp/lib/libmpi.a(mpi_vb.o)
                              /home/liuboyuan/workspace/Hi3518_SDK_V1.0.8.0/mpp/3516C_src/base/base_comm_vi.o (HI_MPI_VB_Handle2PoolId)
/home/liuboyuan/workspace/Hi3518_SDK_V1.0.8.0/mpp/lib/libmpi.a(mpi_venc.o)
                              /home/liuboyuan/workspace/Hi3518_SDK_V1.0.8.0/mpp/lib/libmpi.a(mpi_sys.o) (MPI_VENC_Exit)
/home/liuboyuan/workspace/Hi3518_SDK_V1.0.8.0/mpp/lib/libmpi.a(mpi_vi.o)
                              /home/liuboyuan/workspace/Hi3518_SDK_V1.0.8.0/mpp/3516C_src/base/base_comm_vi.o (HI_MPI_VI_SetRotate)
/home/liuboyuan/workspace/Hi3518_SDK_V1.0.8.0/mpp/lib/libmpi.a(mpi_vpss.o)
                              /home/liuboyuan/workspace/Hi3518_SDK_V1.0.8.0/mpp/3516C_src/base/base_comm_vpss.o (HI_MPI_VPSS_SetExtChnAttr)
/home/liuboyuan/workspace/Hi3518_SDK_V1.0.8.0/mpp/lib/libmpi.a(sys_bind.o)
                              /home/liuboyuan/workspace/Hi3518_SDK_V1.0.8.0/mpp/lib/libmpi.a(mpi_sys.o) (SYS_BIND_Exit)
/home/liuboyuan/workspace/Hi3518_SDK_V1.0.8.0/mpp/lib/libmpi.a(mpi_adec.o)
                              /home/liuboyuan/workspace/Hi3518_SDK_V1.0.8.0/mpp/lib/libmpi.a(mpi_sys.o) (MPI_ADEC_Exit)
/home/liuboyuan/workspace/Hi3518_SDK_V1.0.8.0/mpp/lib/libmpi.a(mpi_aenc.o)
                              /home/liuboyuan/workspace/Hi3518_SDK_V1.0.8.0/mpp/lib/libmpi.a(mpi_sys.o) (MPI_AENC_Exit)
/home/liuboyuan/workspace/Hi3518_SDK_V1.0.8.0/mpp/lib/libmpi.a(mpi_ai.o)
                              /home/liuboyuan/workspace/Hi3518_SDK_V1.0.8.0/mpp/lib/libmpi.a(mpi_sys.o) (MPI_AI_Exit)
/home/liuboyuan/workspace/Hi3518_SDK_V1.0.8.0/mpp/lib/libmpi.a(mpi_ao.o)
                              /home/liuboyuan/workspace/Hi3518_SDK_V1.0.8.0/mpp/lib/libmpi.a(mpi_sys.o) (MPI_AO_Exit)
/home/liuboyuan/workspace/Hi3518_SDK_V1.0.8.0/mpp/lib/libmpi.a(audio_comm.o)
                              /home/liuboyuan/workspace/Hi3518_SDK_V1.0.8.0/mpp/lib/libmpi.a(mpi_aenc.o) (audio_check_mem_open)
/home/liuboyuan/workspace/Hi3518_SDK_V1.0.8.0/mpp/lib/libmpi.a(audio_voice_adp.o)
                              /home/liuboyuan/workspace/Hi3518_SDK_V1.0.8.0/mpp/lib/libmpi.a(mpi_adec.o) (HI_MPI_ADEC_VoiceInit)
/home/liuboyuan/workspace/Hi3518_SDK_V1.0.8.0/mpp/lib/libisp.a(mpi_isp.o)
                              /home/liuboyuan/workspace/Hi3518_SDK_V1.0.8.0/mpp/3516C_src/base/base_mw_boardinterface.o (HI_MPI_ISP_GetBlackLevelAttr)
/home/liuboyuan/workspace/Hi3518_SDK_V1.0.8.0/mpp/lib/libisp.a(mpi_isp_entry.o)
                              /home/liuboyuan/workspace/Hi3518_SDK_V1.0.8.0/mpp/3516C_src/base/base_comm_isp.o (HI_MPI_ISP_GetCfg)
/home/liuboyuan/workspace/Hi3518_SDK_V1.0.8.0/mpp/lib/libisp.a(apical_color_management.o)
                              /home/liuboyuan/workspace/Hi3518_SDK_V1.0.8.0/mpp/lib/libisp.a(mpi_isp_entry.o) (color_matrix_kernel_update)
/home/liuboyuan/workspace/Hi3518_SDK_V1.0.8.0/mpp/lib/libisp.a(apical_isp_defaults.o)
                              /home/liuboyuan/workspace/Hi3518_SDK_V1.0.8.0/mpp/lib/libisp.a(mpi_isp_entry.o) (apical_isp_defaults)
/home/liuboyuan/workspace/Hi3518_SDK_V1.0.8.0/mpp/lib/libisp.a(apical_isp_system_control.o)
                              /home/liuboyuan/workspace/Hi3518_SDK_V1.0.8.0/mpp/lib/libisp.a(mpi_isp_entry.o) (apical_isp_sys_ctrl_if_fend_upd)
/home/liuboyuan/workspace/Hi3518_SDK_V1.0.8.0/mpp/lib/libisp.a(apical_noise_reduction.o)
                              /home/liuboyuan/workspace/Hi3518_SDK_V1.0.8.0/mpp/lib/libisp.a(apical_isp_defaults.o) (noise_profile_set)
/home/liuboyuan/workspace/Hi3518_SDK_V1.0.8.0/mpp/lib/libisp.a(apical_sharpening.o)
                              /home/liuboyuan/workspace/Hi3518_SDK_V1.0.8.0/mpp/lib/libisp.a(apical_isp_defaults.o) (sharpening_initialize)
/home/liuboyuan/workspace/Hi3518_SDK_V1.0.8.0/mpp/lib/libisp.a(hi_regwr.o)
                              /home/liuboyuan/workspace/Hi3518_SDK_V1.0.8.0/mpp/lib/libisp.a(mpi_isp_entry.o) (ISP_GetExtRegAddr)
/home/liuboyuan/workspace/Hi3518_SDK_V1.0.8.0/mpp/lib/libisp.a(hisi_isp_debug.o)
                              /home/liuboyuan/workspace/Hi3518_SDK_V1.0.8.0/mpp/lib/libisp.a(mpi_isp_entry.o) (hisi_isp_debug_ctrl_init)
/home/liuboyuan/workspace/Hi3518_SDK_V1.0.8.0/mpp/lib/libisp.a(hisi_isp_proc.o)
                              /home/liuboyuan/workspace/Hi3518_SDK_V1.0.8.0/mpp/lib/libisp.a(mpi_isp_entry.o) (hisi_isp_proc_exit)
/home/liuboyuan/workspace/Hi3518_SDK_V1.0.8.0/mpp/lib/libisp.a(math_utils.o)
[...]
Memory Configuration

Name             Origin             Length             Attributes
*default*        0x00000000         0xffffffff

Linker script and memory map

LOAD /opt/hisi-linux-nptl/arm-hisiv100-linux/bin/../target/usr/lib/crt1.o
LOAD /opt/hisi-linux-nptl/arm-hisiv100-linux/bin/../target/usr/lib/crti.o
LOAD /opt/hisi-linux-nptl/arm-hisiv100-linux/bin/../lib/gcc/arm-hisiv100-linux-uclibcgnueabi/4.4.1/crtbegin.o
LOAD /opt/hisi-linux-nptl/arm-hisiv100-linux/bin/../target/usr/lib/libpthread.so
START GROUP
LOAD /opt/hisi-linux-nptl/arm-hisiv100-linux/bin/../target/lib/libpthread.so.0
LOAD /opt/hisi-linux-nptl/arm-hisiv100-linux/bin/../target/usr/lib/libpthread_nonshared.a
END GROUP
LOAD ipc_main.o
LOAD /home/liuboyuan/workspace/Hi3518_SDK_V1.0.8.0/mpp/3516C_src/base/base_rtp.o
LOAD /home/liuboyuan/workspace/Hi3518_SDK_V1.0.8.0/mpp/3516C_src/base/base_api_ledctl.o
LOAD /home/liuboyuan/workspace/Hi3518_SDK_V1.0.8.0/mpp/3516C_src/base/base_AVMsgManagement.o
LOAD /home/liuboyuan/workspace/Hi3518_SDK_V1.0.8.0/mpp/3516C_src/base/base_comm_isp.o
LOAD /home/liuboyuan/workspace/Hi3518_SDK_V1.0.8.0/mpp/3516C_src/base/base_comm_sys.o
LOAD /home/liuboyuan/workspace/Hi3518_SDK_V1.0.8.0/mpp/3516C_src/base/base_comm_venc.o
LOAD /home/liuboyuan/workspace/Hi3518_SDK_V1.0.8.0/mpp/3516C_src/base/base_comm_vi.o
LOAD /home/liuboyuan/workspace/Hi3518_SDK_V1.0.8.0/mpp/3516C_src/base/base_comm_vpss.o
LOAD /home/liuboyuan/workspace/Hi3518_SDK_V1.0.8.0/mpp/3516C_src/base/base_ircut_ctl.o
LOAD /home/liuboyuan/workspace/Hi3518_SDK_V1.0.8.0/mpp/3516C_src/base/base_loadbmp.o
LOAD /home/liuboyuan/workspace/Hi3518_SDK_V1.0.8.0/mpp/3516C_src/base/base_mw_boardinterface.o
LOAD /home/liuboyuan/workspace/Hi3518_SDK_V1.0.8.0/mpp/3516C_src/base/base_mw_filesort.o
LOAD /home/liuboyuan/workspace/Hi3518_SDK_V1.0.8.0/mpp/3516C_src/base/base_mw_modechange.o
LOAD /home/liuboyuan/workspace/Hi3518_SDK_V1.0.8.0/mpp/3516C_src/base/base_mw_osd.o
LOAD /home/liuboyuan/workspace/Hi3518_SDK_V1.0.8.0/mpp/3516C_src/base/base_mw_overlay.o
LOAD /home/liuboyuan/workspace/Hi3518_SDK_V1.0.8.0/mpp/3516C_src/base/base_mw_region.o
LOAD /home/liuboyuan/workspace/Hi3518_SDK_V1.0.8.0/mpp/3516C_src/base/base_mw_sd.o
LOAD /home/liuboyuan/workspace/Hi3518_SDK_V1.0.8.0/mpp/3516C_src/base/base_mw_snap.o
LOAD /home/liuboyuan/workspace/Hi3518_SDK_V1.0.8.0/mpp/3516C_src/base/base_mw_subcard.o
LOAD /home/liuboyuan/workspace/Hi3518_SDK_V1.0.8.0/mpp/3516C_src/base/base_mw_subcard_rec.o
LOAD /home/liuboyuan/workspace/Hi3518_SDK_V1.0.8.0/mpp/3516C_src/base/base_mw_time.o
LOAD /home/liuboyuan/workspace/Hi3518_SDK_V1.0.8.0/mpp/3516C_src/base/base_mw_wifi.o
LOAD /home/liuboyuan/workspace/Hi3518_SDK_V1.0.8.0/mpp/3516C_src/base/base_util_mux_imple_mpegts.o
LOAD /home/liuboyuan/workspace/Hi3518_SDK_V1.0.8.0/mpp/3516C_src/base/base_venc_control.o
LOAD /home/liuboyuan/workspace/Hi3518_SDK_V1.0.8.0/mpp/3516C_src/base/base_venc_dataconsume.o
LOAD /home/liuboyuan/workspace/Hi3518_SDK_V1.0.8.0/mpp/3516C_src/base/base_venc_handle.o
LOAD /home/liuboyuan/workspace/Hi3518_SDK_V1.0.8.0/mpp/3516C_src/ctrl/ctrl_api_button.o
LOAD /home/liuboyuan/workspace/Hi3518_SDK_V1.0.8.0/mpp/3516C_src/ctrl/ctrl_cmdPreHanle.o
LOAD /home/liuboyuan/workspace/Hi3518_SDK_V1.0.8.0/mpp/3516C_src/ctrl/ctrl_guiReq.o
LOAD /home/liuboyuan/workspace/Hi3518_SDK_V1.0.8.0/mpp/3516C_src/ctrl/ctrl_interactiveCtl.o
LOAD /home/liuboyuan/workspace/Hi3518_SDK_V1.0.8.0/mpp/3516C_src/ctrl/ctrl_reqResponse.o
LOAD /home/liuboyuan/workspace/Hi3518_SDK_V1.0.8.0/mpp/3516C_src/ctrl/ctrl_terminalReq.o
LOAD /home/liuboyuan/workspace/Hi3518_SDK_V1.0.8.0/mpp/3516C_src/ctrl/ctrl_uart_getCommand.o
LOAD /home/liuboyuan/workspace/Hi3518_SDK_V1.0.8.0/mpp/3516C_src/ctrl/ctrl_uartReq.o
LOAD /home/liuboyuan/workspace/Hi3518_SDK_V1.0.8.0/mpp/3516C_src/ctrl/ctrl_uartReq_parseCommand.o
LOAD /home/liuboyuan/workspace/Hi3518_SDK_V1.0.8.0/mpp/3516C_src/ctrl/CTRL_UARTREQ_PARSECOMMAND_Common.o
LOAD /home/liuboyuan/workspace/Hi3518_SDK_V1.0.8.0/mpp/3516C_src/ctrl/CTRL_UARTREQ_PARSECOMMAND_EMPTY.o
LOAD /home/liuboyuan/workspace/Hi3518_SDK_V1.0.8.0/mpp/3516C_src/ctrl/CTRL_UARTREQ_PARSECOMMAND_INTER.o
LOAD /home/liuboyuan/workspace/Hi3518_SDK_V1.0.8.0/mpp/3516C_src/ctrl/CTRL_UARTREQ_PARSECOMMAND_LED.o
LOAD /home/liuboyuan/workspace/Hi3518_SDK_V1.0.8.0/mpp/3516C_src/ctrl/CTRL_UARTREQ_PARSECOMMAND_QUIT.o
LOAD /home/liuboyuan/workspace/Hi3518_SDK_V1.0.8.0/mpp/3516C_src/ctrl/CTRL_UARTREQ_PARSECOMMAND_SNAP.o
LOAD /home/liuboyuan/workspace/Hi3518_SDK_V1.0.8.0/mpp/3516C_src/ctrl/CTRL_UARTREQ_PARSECOMMAND_TIME.o
LOAD /home/liuboyuan/workspace/Hi3518_SDK_V1.0.8.0/mpp/3516C_src/ctrl/CTRL_UARTREQ_PARSECOMMAND_WIFI.o
LOAD /home/liuboyuan/workspace/Hi3518_SDK_V1.0.8.0/mpp/3516C_src/ctrl/ctrl_uartReq_saveReq.o
LOAD /home/liuboyuan/workspace/Hi3518_SDK_V1.0.8.0/mpp/3516C_src/common/comm_command.o
LOAD /home/liuboyuan/workspace/Hi3518_SDK_V1.0.8.0/mpp/3516C_src/common/comm_conditionFlag.o
LOAD /home/liuboyuan/workspace/Hi3518_SDK_V1.0.8.0/mpp/3516C_src/common/comm_dd_adc.o
LOAD /home/liuboyuan/workspace/Hi3518_SDK_V1.0.8.0/mpp/3516C_src/common/comm_dd_button.o
LOAD /home/liuboyuan/workspace/Hi3518_SDK_V1.0.8.0/mpp/3516C_src/common/comm_dd_ircut.o
LOAD /home/liuboyuan/workspace/Hi3518_SDK_V1.0.8.0/mpp/3516C_src/common/comm_dd_uart.o
LOAD /home/liuboyuan/workspace/Hi3518_SDK_V1.0.8.0/mpp/3516C_src/common/comm_debug.o
LOAD /home/liuboyuan/workspace/Hi3518_SDK_V1.0.8.0/mpp/3516C_src/common/comm_fileSort.o
LOAD /home/liuboyuan/workspace/Hi3518_SDK_V1.0.8.0/mpp/3516C_src/common/comm_fileSystem.o
LOAD /home/liuboyuan/workspace/Hi3518_SDK_V1.0.8.0/mpp/3516C_src/common/comm_iplist.o
LOAD /home/liuboyuan/workspace/Hi3518_SDK_V1.0.8.0/mpp/3516C_src/common/comm_list.o
LOAD /home/liuboyuan/workspace/Hi3518_SDK_V1.0.8.0/mpp/3516C_src/common/comm_mw_led.o
LOAD /home/liuboyuan/workspace/Hi3518_SDK_V1.0.8.0/mpp/3516C_src/common/comm_mw_strpool.o
LOAD /home/liuboyuan/workspace/Hi3518_SDK_V1.0.8.0/mpp/3516C_src/common/comm_mw_time.o
LOAD /home/liuboyuan/workspace/Hi3518_SDK_V1.0.8.0/mpp/3516C_src/common/comm_mw_vfile.o
LOAD /home/liuboyuan/workspace/Hi3518_SDK_V1.0.8.0/mpp/3516C_src/common/comm_net.o
LOAD /home/liuboyuan/workspace/Hi3518_SDK_V1.0.8.0/mpp/3516C_src/common/comm_parameters.o
LOAD /home/liuboyuan/workspace/Hi3518_SDK_V1.0.8.0/mpp/3516C_src/common/comm_pipe.o
LOAD /home/liuboyuan/workspace/Hi3518_SDK_V1.0.8.0/mpp/3516C_src/common/comm_pool.o
LOAD /home/liuboyuan/workspace/Hi3518_SDK_V1.0.8.0/mpp/3516C_src/common/comm_pool_payload.o
LOAD /home/liuboyuan/workspace/Hi3518_SDK_V1.0.8.0/mpp/3516C_src/common/comm_queue.o
LOAD /home/liuboyuan/workspace/Hi3518_SDK_V1.0.8.0/mpp/3516C_src/common/comm_sharemem.o
LOAD /home/liuboyuan/workspace/Hi3518_SDK_V1.0.8.0/mpp/3516C_src/common/comm_spaceSafer.o
LOAD /home/liuboyuan/workspace/Hi3518_SDK_V1.0.8.0/mpp/3516C_src/common/comm_stream.o
LOAD /home/liuboyuan/workspace/Hi3518_SDK_V1.0.8.0/mpp/3516C_src/common/comm_string.o
LOAD /home/liuboyuan/workspace/Hi3518_SDK_V1.0.8.0/mpp/3516C_src/common/comm_timer.o
LOAD /home/liuboyuan/workspace/Hi3518_SDK_V1.0.8.0/mpp/3516C_src/common/comm_util.o
LOAD /home/liuboyuan/workspace/Hi3518_SDK_V1.0.8.0/mpp/lib/libmpi.a
LOAD /home/liuboyuan/workspace/Hi3518_SDK_V1.0.8.0/mpp/lib/libisp.a
LOAD /home/liuboyuan/workspace/Hi3518_SDK_V1.0.8.0/mpp/lib/libsns_imx122.a
LOAD /home/liuboyuan/workspace/Hi3518_SDK_V1.0.8.0/mpp/3516C_src/base/rtpLib/libjrtp-3.5.0.so
LOAD /home/liuboyuan/workspace/Hi3518_SDK_V1.0.8.0/mpp/3516C_src/base/rtpLib/libjthread-1.2.1.so
LOAD /home/liuboyuan/workspace/Hi3518_SDK_V1.0.8.0/mpp/lib/libVoiceEngine.a
LOAD /home/liuboyuan/workspace/Hi3518_SDK_V1.0.8.0/mpp/lib/libaec.a
LOAD /home/liuboyuan/workspace/Hi3518_SDK_V1.0.8.0/mpp/lib/libresampler.a
LOAD /home/liuboyuan/workspace/Hi3518_SDK_V1.0.8.0/mpp/lib/libanr.a
LOAD /opt/hisi-linux-nptl/arm-hisiv100-linux/bin/../lib/gcc/arm-hisiv100-linux-uclibcgnueabi/4.4.1/../../../../arm-hisiv100-linux-uclibcgnueabi/lib/libstdc++.so
LOAD /opt/hisi-linux-nptl/arm-hisiv100-linux/bin/../target/usr/lib/libm.so
LOAD /opt/hisi-linux-nptl/arm-hisiv100-linux/bin/../lib/gcc/arm-hisiv100-linux-uclibcgnueabi/4.4.1/../../../../arm-hisiv100-linux-uclibcgnueabi/lib/libgcc_s.so
LOAD /opt/hisi-linux-nptl/arm-hisiv100-linux/bin/../lib/gcc/arm-hisiv100-linux-uclibcgnueabi/4.4.1/libgcc.a
LOAD /opt/hisi-linux-nptl/arm-hisiv100-linux/bin/../target/usr/lib/libc.so
START GROUP
LOAD /opt/hisi-linux-nptl/arm-hisiv100-linux/bin/../target/lib/libc.so.0
LOAD /opt/hisi-linux-nptl/arm-hisiv100-linux/bin/../target/usr/lib/uclibc_nonshared.a
LOAD /opt/hisi-linux-nptl/arm-hisiv100-linux/bin/../target/lib/ld-uClibc.so.0
END GROUP
LOAD /opt/hisi-linux-nptl/arm-hisiv100-linux/bin/../lib/gcc/arm-hisiv100-linux-uclibcgnueabi/4.4.1/../../../../arm-hisiv100-linux-uclibcgnueabi/lib/libgcc_s.so
LOAD /opt/hisi-linux-nptl/arm-hisiv100-linux/bin/../lib/gcc/arm-hisiv100-linux-uclibcgnueabi/4.4.1/libgcc.a
LOAD /opt/hisi-linux-nptl/arm-hisiv100-linux/bin/../lib/gcc/arm-hisiv100-linux-uclibcgnueabi/4.4.1/crtend.o
LOAD /opt/hisi-linux-nptl/arm-hisiv100-linux/bin/../target/usr/lib/crtn.o
                0x00008000                PROVIDE (__executable_start, 0x8000)
                0x00008114                . = (0x8000 + SIZEOF_HEADERS)

.interp         0x00008114       0x14
 *(.interp)
 .interp        0x00008114       0x14 /opt/hisi-linux-nptl/arm-hisiv100-linux/bin/../target/lib/libpthread.so.0

.note.gnu.build-id
 *(.note.gnu.build-id)

.hash           0x00008128      0x8d8
 *(.hash)
 .hash          0x00008128      0x8d8 /opt/hisi-linux-nptl/arm-hisiv100-linux/bin/../target/lib/libpthread.so.0

.gnu.hash
 *(.gnu.hash)

.dynsym         0x00008a00     0x12d0
 *(.dynsym)
 .dynsym        0x00008a00     0x12d0 /opt/hisi-linux-nptl/arm-hisiv100-linux/bin/../target/lib/libpthread.so.0

.dynstr         0x00009cd0     0x111a
 *(.dynstr)
 .dynstr        0x00009cd0     0x111a /opt/hisi-linux-nptl/arm-hisiv100-linux/bin/../target/lib/libpthread.so.0

.gnu.version    0x0000adea      0x25a
 *(.gnu.version)
 .gnu.version   0x0000adea      0x25a /opt/hisi-linux-nptl/arm-hisiv100-linux/bin/../target/lib/libpthread.so.0

.gnu.version_d  0x0000b044        0x0
 *(.gnu.version_d)
 .gnu.version_d
                0x00000000        0x0 /opt/hisi-linux-nptl/arm-hisiv100-linux/bin/../target/lib/libpthread.so.0

.gnu.version_r  0x0000b044       0x20
 *(.gnu.version_r)
 .gnu.version_r
                0x0000b044       0x20 /opt/hisi-linux-nptl/arm-hisiv100-linux/bin/../target/lib/libpthread.so.0

.rel.dyn        0x0000b064      0x2f0
 *(.rel.init)
 *(.rel.text .rel.text.* .rel.gnu.linkonce.t.*)
 *(.rel.fini)
 *(.rel.rodata .rel.rodata.* .rel.gnu.linkonce.r.*)
 *(.rel.data.rel.ro* .rel.gnu.linkonce.d.rel.ro.*)
 *(.rel.data .rel.data.* .rel.gnu.linkonce.d.*)
 *(.rel.tdata .rel.tdata.* .rel.gnu.linkonce.td.*)
 *(.rel.tbss .rel.tbss.* .rel.gnu.linkonce.tb.*)
 *(.rel.ctors)
 *(.rel.dtors)
 *(.rel.got)
 .rel.got       0x0000b064      0x2c0 /opt/hisi-linux-nptl/arm-hisiv100-linux/bin/../target/lib/libpthread.so.0
 *(.rel.bss .rel.bss.* .rel.gnu.linkonce.b.*)
 .rel.bss       0x0000b324       0x30 /opt/hisi-linux-nptl/arm-hisiv100-linux/bin/../target/lib/libpthread.so.0
 *(.rel.ifunc)

.rela.dyn
 *(.rela.init)
 *(.rela.text .rela.text.* .rela.gnu.linkonce.t.*)
 *(.rela.fini)
 *(.rela.rodata .rela.rodata.* .rela.gnu.linkonce.r.*)
 *(.rela.data .rela.data.* .rela.gnu.linkonce.d.*)
 *(.rela.tdata .rela.tdata.* .rela.gnu.linkonce.td.*)
 *(.rela.tbss .rela.tbss.* .rela.gnu.linkonce.tb.*)
 *(.rela.ctors)
 *(.rela.dtors)
 *(.rela.got)
 *(.rela.bss .rela.bss.* .rela.gnu.linkonce.b.*)
 *(.rela.ifunc)

.rel.plt        0x0000b354      0x590
 *(.rel.plt)
 .rel.plt       0x0000b354      0x590 /opt/hisi-linux-nptl/arm-hisiv100-linux/bin/../target/lib/libpthread.so.0
                0x0000b8e4                PROVIDE (__rel_iplt_start, .)
 *(.rel.iplt)
                0x0000b8e4                PROVIDE (__rel_iplt_end, .)

.rela.plt       0x0000b8e4        0x0
 *(.rela.plt)
                0x0000b8e4                PROVIDE (__rela_iplt_start, .)
 *(.rela.iplt)
                0x0000b8e4                PROVIDE (__rela_iplt_end, .)

.init           0x0000b8e4       0x10
 *(.init)
 .init          0x0000b8e4        0xc /opt/hisi-linux-nptl/arm-hisiv100-linux/bin/../target/usr/lib/crti.o
                0x0000b8e4                _init
 .init          0x0000b8f0        0x4 /opt/hisi-linux-nptl/arm-hisiv100-linux/bin/../target/usr/lib/crtn.o

.plt            0x0000b8f4      0x86c
 *(.plt)
 .plt           0x0000b8f4      0x86c /opt/hisi-linux-nptl/arm-hisiv100-linux/bin/../target/lib/libpthread.so.0
                0x0000b908                poll
                0x0000b914                sem_init
                0x0000b920                bind
                0x0000b92c                _ZN10RTPSession28SetDefaultTimestampIncrementEj
                0x0000b938                difftime
                0x0000b944                _ZN10RTPSession6CreateERK16RTPSessionParamsPK21RTPTransmissionParams
                0x0000b950                strftime
                0x0000b95c                calloc
                0x0000b968                __errno_location
                0x0000b974                open
                0x0000b980                pthread_attr_setdetachstate
                0x0000b98c                _ZN10RTPSession10BYEDestroyERK7RTPTimePKvj
                0x0000b998                fwrite
                0x0000b9a4                system
                0x0000b9b0                __aeabi_dmul@@GCC_3.5
                0x0000b9bc                usleep
                0x0000b9c8                memcpy
                0x0000b9d4                connect
                0x0000b9e0                _ZN16RTPSessionParams16SetUsePollThreadEb
                0x0000b9ec                getline
                0x0000b9f8                sleep
                0x0000ba04                send
                0x0000ba10                pthread_mutex_init
                0x0000ba1c                putchar
                0x0000ba28                strspn
                0x0000ba34                pthread_attr_init
                0x0000ba40                gettimeofday
                0x0000ba4c                statvfs
                0x0000ba58                strcat
                0x0000ba64                prctl
                0x0000ba70                remove
                0x0000ba7c                __pthread_unregister_cancel
                0x0000ba88                getcwd
                0x0000ba94                mkdir
                0x0000baa0                atol
                0x0000baac                malloc
                0x0000bab8                _ZdlPv
                0x0000bac4                setitimer
                0x0000bad0                strrchr
                0x0000badc                strncmp
                0x0000bae8                __uClibc_main
                0x0000baf4                scandir
                0x0000bb00                ioctl
                0x0000bb0c                pthread_rwlock_rdlock
                0x0000bb18                recv
                0x0000bb24                strlen
                0x0000bb30                pthread_mutex_lock
                0x0000bb3c                opendir
                0x0000bb48                stat
                0x0000bb54                strtol
                0x0000bb60                fcntl
                0x0000bb6c                snprintf
                0x0000bb78                __cxa_pure_virtual
                0x0000bb84                __pthread_unwind_next
                0x0000bb90                __aeabi_atexit
                0x0000bb9c                settimeofday
                0x0000bba8                read
                0x0000bbb4                select
                0x0000bbc0                cfsetispeed
                0x0000bbcc                _exit
                0x0000bbd8                sem_destroy
                0x0000bbe4                access
                0x0000bbf0                fdopen
                0x0000bbfc                __assert
                0x0000bc08                __gxx_personality_v0
                0x0000bc14                pthread_mutex_destroy
                0x0000bc20                __aeabi_ddiv@@GCC_3.5
                0x0000bc2c                mktime
                0x0000bc38                mmap
                0x0000bc44                memmove
                0x0000bc50                getpagesize
                0x0000bc5c                fclose
                0x0000bc68                setsockopt
                0x0000bc74                fread
                0x0000bc80                pthread_rwlock_wrlock
                0x0000bc8c                fopen
                0x0000bc98                cfsetospeed
                0x0000bca4                _ZN10RTPSession14AddDestinationERK10RTPAddress
                0x0000bcb0                chmod
                0x0000bcbc                _ZN10RTPSession14SetDefaultMarkEb
                0x0000bcc8                time
                0x0000bcd4                strtok
                0x0000bce0                pthread_create
                0x0000bcec                write
                0x0000bcf8                getsockopt
                0x0000bd04                isatty
                0x0000bd10                closedir
                0x0000bd1c                __aeabi_d2iz
                0x0000bd28                pthread_cond_signal
                0x0000bd34                localtime
                0x0000bd40                close
                0x0000bd4c                __cxa_end_cleanup
                0x0000bd58                _ZNSt8ios_base4InitD1Ev
                0x0000bd64                shmget
                0x0000bd70                __aeabi_uidiv@@GCC_3.5
                0x0000bd7c                _ZN10RTPSession21SetDefaultPayloadTypeEh
                0x0000bd88                fgets
                0x0000bd94                sscanf
                0x0000bda0                strncpy
                0x0000bdac                pthread_cond_timedwait
                0x0000bdb8                strptime
                0x0000bdc4                shmat
                0x0000bdd0                tcsetattr
                0x0000bddc                shmdt
                0x0000bde8                __aeabi_d2uiz@@GCC_3.5
                0x0000bdf4                pthread_cond_init
                0x0000be00                __aeabi_i2d@@GCC_3.5
                0x0000be0c                _ZN10RTPSession17DeleteDestinationERK10RTPAddress
                0x0000be18                tcgetattr
                0x0000be24                _ZN16RTPSessionParamsC1Ev
                0x0000be30                __aeabi_uidivmod@@GCC_3.5
                0x0000be3c                chdir
                0x0000be48                unlink
                0x0000be54                __pthread_register_cancel
                0x0000be60                __sigsetjmp
                0x0000be6c                fflush
                0x0000be78                memset
                0x0000be84                pthread_rwlock_destroy
                0x0000be90                inet_ntoa
                0x0000be9c                qsort
                0x0000bea8                perror
                0x0000beb4                stime
                0x0000bec0                _ZNSt8ios_base4InitC1Ev
                0x0000becc                munmap
                0x0000bed8                tcflush
                0x0000bee4                fprintf
                0x0000bef0                _ZN10RTPSessionC1EN14RTPTransmitter20TransmissionProtocolE
                0x0000befc                inet_addr
                0x0000bf08                __aeabi_uldivmod@@GCC_3.5
                0x0000bf14                shmctl
                0x0000bf20                abort
                0x0000bf2c                memcmp
                0x0000bf38                sprintf
                0x0000bf44                pthread_exit
                0x0000bf50                socket
                0x0000bf5c                fseek
                0x0000bf68                pthread_cancel
                0x0000bf74                pthread_rwlock_init
                0x0000bf80                __aeabi_ui2d@@GCC_3.5
                0x0000bf8c                statfs
                0x0000bf98                exit
                0x0000bfa4                fork
                0x0000bfb0                pthread_rwlock_unlock
                0x0000bfbc                pthread_cond_broadcast
                0x0000bfc8                _ZN10RTPSession10SendPacketEPKvj
                0x0000bfd4                pthread_mutex_unlock
                0x0000bfe0                sem_post
                0x0000bfec                __aeabi_idiv@@GCC_3.5
                0x0000bff8                pthread_cond_destroy
                0x0000c004                strstr
                0x0000c010                strcmp
                0x0000c01c                __aeabi_idivmod@@GCC_3.5
                0x0000c028                waitpid
                0x0000c034                sem_trywait
                0x0000c040                index
                0x0000c04c                nftw
                0x0000c058                accept
                0x0000c064                free
                0x0000c070                readdir
                0x0000c07c                strchr
                0x0000c088                strtoll
                0x0000c094                strerror
                0x0000c0a0                listen
                0x0000c0ac                printf
                0x0000c0b8                pthread_cond_wait
                0x0000c0c4                _Znwj
                0x0000c0d0                strdup
                0x0000c0dc                puts
                0x0000c0e8                sem_getvalue
                0x0000c0f4                fscanf
                0x0000c100                signal
                0x0000c10c                pipe
                0x0000c118                pthread_setcancelstate
                0x0000c124                posix_memalign
                0x0000c130                __aeabi_dcmpgt@@GCC_3.5
                0x0000c13c                strcpy
                0x0000c148                sem_wait
                0x0000c154                pthread_join
 *(.iplt)

.text           0x0000c160    0x95180
 *(.text .stub .text.* .gnu.linkonce.t.*)
 .text          0x0000c160       0x3c /opt/hisi-linux-nptl/arm-hisiv100-linux/bin/../target/usr/lib/crt1.o
                0x0000c160                _start
 .text          0x0000c19c       0x3c /opt/hisi-linux-nptl/arm-hisiv100-linux/bin/../target/usr/lib/crti.o
                0x0000c19c                _call_via_r0
                0x0000c1a0                _call_via_r1
                0x0000c1a4                _call_via_r2
                0x0000c1a8                _call_via_r3
                0x0000c1ac                _call_via_r4
                0x0000c1b0                _call_via_r5
                0x0000c1b4                _call_via_r6
                0x0000c1b8                _call_via_r7
                0x0000c1bc                _call_via_r8
                0x0000c1c0                _call_via_r9
                0x0000c1c4                _call_via_sl
                0x0000c1c8                _call_via_fp
                0x0000c1cc                _call_via_ip
                0x0000c1d0                _call_via_sp
                0x0000c1d4                _call_via_lr
 .text          0x0000c1d8       0x4c /opt/hisi-linux-nptl/arm-hisiv100-linux/bin/../lib/gcc/arm-hisiv100-linux-uclibcgnueabi/4.4.1/crtbegin.o
 .text          0x0000c224      0x2bc ipc_main.o
                0x0000c224                main
 .text          0x0000c4e0      0xb2c /home/liuboyuan/workspace/Hi3518_SDK_V1.0.8.0/mpp/3516C_src/base/base_rtp.o
                0x0000c510                RTPSession_Audio_send
                0x0000c610                RTPSession_send
                0x0000ca70                RTPSession_destroy
                0x0000cab4                RTPSession_setplayloadtype
                0x0000cb10                RTPSession_addport
                0x0000cbf8                RTPSession_delport
                0x0000cce0                RTPSession_serverinit
                0x0000ce48                RTPSession_clientinit
 .text._ZN21RTPTransmissionParamsD1Ev
                0x0000d00c       0x10 /home/liuboyuan/workspace/Hi3518_SDK_V1.0.8.0/mpp/3516C_src/base/base_rtp.o
                0x0000d00c                _ZN21RTPTransmissionParamsD1Ev
 .text._ZN10RTPAddressD1Ev
                0x0000d01c       0x10 /home/liuboyuan/workspace/Hi3518_SDK_V1.0.8.0/mpp/3516C_src/base/base_rtp.o
                0x0000d01c                _ZN10RTPAddressD1Ev
 .text._ZN21RTPTransmissionParamsD0Ev
                0x0000d02c       0x20 /home/liuboyuan/workspace/Hi3518_SDK_V1.0.8.0/mpp/3516C_src/base/base_rtp.o
                0x0000d02c                _ZN21RTPTransmissionParamsD0Ev
 .text._ZN10RTPAddressD0Ev
                0x0000d04c       0x20 /home/liuboyuan/workspace/Hi3518_SDK_V1.0.8.0/mpp/3516C_src/base/base_rtp.o
                0x0000d04c                _ZN10RTPAddressD0Ev
 .text._ZN26RTPUDPv4TransmissionParamsD0Ev
                0x0000d06c       0x58 /home/liuboyuan/workspace/Hi3518_SDK_V1.0.8.0/mpp/3516C_src/base/base_rtp.o
                0x0000d06c                _ZN26RTPUDPv4TransmissionParamsD0Ev
 .text._ZN26RTPUDPv4TransmissionParamsD1Ev
                0x0000d0c4       0x50 /home/liuboyuan/workspace/Hi3518_SDK_V1.0.8.0/mpp/3516C_src/base/base_rtp.o
                0x0000d0c4                _ZN26RTPUDPv4TransmissionParamsD1Ev
 .text          0x0000d114      0x85c /home/liuboyuan/workspace/Hi3518_SDK_V1.0.8.0/mpp/3516C_src/base/base_api_ledctl.o
                0x0000d114                eBASE_API_LEDCTL_GreenOn
                0x0000d118                eBASE_API_LEDCTL_RedOff
                0x0000d11c                eBASE_API_LEDCTL_GreenOff
                0x0000d120                eBASE_API_LEDCTL_RedOn
                0x0000d124                eBASE_API_LEDCTL_GreenBlink
                0x0000d144                eBASE_API_LEDCTL_ChangeLed
                0x0000d1cc                eBASE_API_LEDCTL_LedUpdate
                0x0000d580                pvBASE_API_LEDCTL_Thread_Cleanup
                0x0000d5b0                pvBASE_API_LEDCTL_ThreadHandle
                0x0000d750                eBASE_API_LEDCTL_StopThread
                0x0000d780                eBASE_API_LEDCTL_StartThread
                0x0000d7c8                eBASE_API_LEDCTL_Deinit
                0x0000d888                eBASE_API_LEDCTL_Init
 .text          0x0000d970      0x87c /home/liuboyuan/workspace/Hi3518_SDK_V1.0.8.0/mpp/3516C_src/base/base_AVMsgManagement.o
                0x0000d970                lBASE_VENC_DeInitGlobal
                0x0000da0c                lBASE_VENC_InitGlobal
                0x0000dd80                vBASE_AVMsgManagement
 .text          0x0000e1ec      0xaf8 /home/liuboyuan/workspace/Hi3518_SDK_V1.0.8.0/mpp/3516C_src/base/base_comm_isp.o
                0x0000e1ec                SAMPLE_COMM_ISP_Stop
                0x0000e20c                SAMPLE_COMM_ISP_GetLine
                0x0000e2e8                SAMPLE_COMM_ISP_Init
                0x0000e3b0                SAMPLE_COMM_ISP_Run
                0x0000e414                SAMPLE_COMM_ISP_ChangeSensorMode
                0x0000e4a0                SAMPLE_COMM_ISP_SensorInit
                0x0000e4dc                SAMPLE_COMM_ISP_File2Reg
                0x0000e7ac                SAMPLE_COMM_ISP_LoadRegFile
                0x0000e7ec                SAMPLE_COMM_ISP_CircleWriteReg
                0x0000e894                SAMPLE_COMM_ISP_Reg2File
                0x0000eca4                SAMPLE_COMM_ISP_SaveRegFile
 .text          0x0000ece4      0x918 /home/liuboyuan/workspace/Hi3518_SDK_V1.0.8.0/mpp/3516C_src/base/base_comm_sys.o
                0x0000ece4                SAMPLE_COMM_SYS_GetPicSize
                0x0000eef8                SAMPLE_COMM_SYS_Exit
                0x0000ef08                SAMPLE_COMM_SYS_CalcPicVbBlkSize
                0x0000f024                SAMPLE_COMM_SYS_CalcHistVbBlkSize
                0x0000f0c0                SAMPLE_COMM_SYS_Payload2FilePostfix
                0x0000f168                SAMPLE_COMM_SYS_Init
                0x0000f2a0                SAMPLE_COMM_SYS_MemConfig
 .text          0x0000f5fc     0x1b0c /home/liuboyuan/workspace/Hi3518_SDK_V1.0.8.0/mpp/3516C_src/base/base_comm_venc.o
                0x0000f5fc                SAMPLE_COMM_VENC_StopGetStream
                0x0000f638                SAMPLE_COMM_VENC_StartGetStream
                0x0000f66c                SAMPLE_COMM_VENC_SnapStop
                0x0000f704                SAMPLE_COMM_VENC_Stop
                0x0000f818                SAMPLE_COMM_VENC_SnapStart
                0x0000f8f0                SAMPLE_COMM_VENC_Start
                0x0000fecc                SAMPLE_COMM_VENC_SaveJPEG
                0x0000ff38                SAMPLE_COMM_VENC_SaveSnap
                0x00010008                SAMPLE_COMM_VENC_SnapProcess
                0x0001035c                SAMPLE_COMM_VENC_SaveMJpeg
                0x000103c8                SAMPLE_COMM_VENC_SaveH264
                0x00010470                SAMPLE_COMM_VENC_SaveStream
                0x000104a8                SAMPLE_COMM_VENC_GetFilePostfix
                0x00010570                SAMPLE_COMM_VENC_GetVencStreamProc
                0x00010e70                SAMPLE_COMM_VENC_UnBindVpss
                0x00010eec                SAMPLE_COMM_VENC_BindVpss
                0x00010f68                SAMPLE_COMM_VENC_MemConfig
 .text          0x00011108     0x14e4 /home/liuboyuan/workspace/Hi3518_SDK_V1.0.8.0/mpp/3516C_src/base/base_comm_vi.o
                0x00011108                SAMPLE_COMM_VI_Mode2Param
                0x00011124                SAMPLE_COMM_VI_GetDev
                0x0001112c                IsSensorInput
                0x00011138                SAMPLE_COMM_VI_Mode2Size
                0x00011194                SAMPLE_COMM_VI_ChangeCapSize
                0x00011240                SAMPLE_COMM_VI_PlanToSemi
                0x000113d0                SAMPLE_COMM_VI_ReadFrame
                0x000115e0                SAMPLE_COMM_VI_GetVFrameFromYUV
                0x000117a0                SAMPLE_COMM_VI_UnBindVenc
                0x0001181c                SAMPLE_COMM_VI_UnBindVpss
                0x00011898                SAMPLE_COMM_VI_StopBT656
                0x00011924                SAMPLE_COMM_VI_StopIsp
                0x000119e8                SAMPLE_COMM_VI_StopVi
                0x00011a48                SAMPLE_COMM_VI_BindVenc
                0x00011ac4                SAMPLE_COMM_VI_BindVpss
                0x00011b40                SAMPLE_COMM_VI_StartChn
                0x00011cdc                SAMPLE_COMM_VI_StartDev
                0x00011ed4                SAMPLE_COMM_VI_StartIsp
                0x00012088                SAMPLE_COMM_VI_MemConfig
                0x0001212c                SAMPLE_TW2865_CfgV
                0x0001239c                SAMPLE_COMM_VI_ADStart
                0x0001241c                SAMPLE_COMM_VI_StartBT656
                0x00012588                SAMPLE_COMM_VI_StartVi
 .text          0x000125ec      0x998 /home/liuboyuan/workspace/Hi3518_SDK_V1.0.8.0/mpp/3516C_src/base/base_comm_vpss.o
                0x000125ec                SAMPLE_COMM_VPSS_DisableChn
                0x00012678                SAMPLE_COMM_VPSS_Stop
                0x000127a0                SAMPLE_COMM_VPSS_StopGroup
                0x00012848                SAMPLE_COMM_VPSS_Start
                0x00012c00                SAMPLE_COMM_VPSS_StartGroup
                0x00012d30                SAMPLE_COMM_VPSS_EnableChn
                0x00012e98                SAMPLE_COMM_VPSS_MemConfig
 .text          0x00012f84      0x198 /home/liuboyuan/workspace/Hi3518_SDK_V1.0.8.0/mpp/3516C_src/base/base_ircut_ctl.o
                0x00012f84                eBASE_IRCUT_CTL_Init
                0x00012f8c                eBASE_IRCUT_CTL_DeInit
                0x00012f94                eBASE_IRCUT_CTL_ConfigADC
                0x0001308c                vTimeDisplay
                0x000130f0                vBASE_IRCUT_CTL_CallBack
 .text          0x0001311c      0xbb8 /home/liuboyuan/workspace/Hi3518_SDK_V1.0.8.0/mpp/3516C_src/base/base_loadbmp.o
                0x0001311c                OSD_MAKECOLOR_U16
                0x000131dc                GetExtName
                0x00013284                GetBmpInfo
                0x0001335c                LoadBMPEx
                0x000137fc                LoadImageEx
                0x00013864                CreateSurfaceByBitMap
                0x000138c0                LoadBMP
                0x00013c50                LoadImage
                0x00013cb0                LoadBitMap2Surface
 .text          0x00013cd4     0x261c /home/liuboyuan/workspace/Hi3518_SDK_V1.0.8.0/mpp/3516C_src/base/base_mw_boardinterface.o
                0x00013cd4                vBASE_VI_INIT_CH
                0x00013d20                vBASE_VENC_INIT_CH
                0x00013d38                lBASE_VI_StopChn
                0x00013d40                lBASE_VI_STOP
                0x00013d48                lBASE_VPSS_INIT_CH
                0x00013d68                lBASE_COMM_JUDGE_ISLICE
                0x00013de4                lBASE_COMM_VENC_ADJUSTISP_CSC
                0x00013e28                lBASE_COMM_VENC_ADJUSTISP_ANTICOLOR
                0x00013e58                lBASE_COMM_VENC_ADJUSTISP_GAMMA
                0x00013ea8                lBASE_COMM_VENC_ADJUSTISP_AE_EX
                0x00013ef8                vBASE_COMM_VENC_ISPSetAEAttr
                0x00013f40                lBASE_COMM_VENC_ADJUSTISP_AE_STATIC
                0x00013fa8                lBASE_COMM_VENC_ADJUSTISP_AE_BASIC
                0x00014038                lBASE_COMM_VENC_ADJUSTISP_LDC
                0x0001408c                lBASE_COMM_VENC_ADJUSTISP_DRC
                0x000140c4                vBASE_COMM_VENC_ISPSetDRC
                0x000140f0                vBASE_COMM_VENC_ISPSetAntiFog
                0x00014124                vBASE_COMM_VENC_ISPSetDenoise
                0x00014154                vBASE_COMM_VENC_ISPSetAWBAttr
                0x00014188                lBASE_COMM_VENC_ADJUSTISP
                0x000141a8                vBASE_COMM_VENC_ISPSetAntiFlicker
                0x000141e4                vBASE_COMM_VENC_ISPGetDRC
                0x000142c0                vBASE_COMM_VENC_ISPGetAntiFog
                0x00014304                vBASE_COMM_VENC_ISPGetAntiFakeColor
                0x00014338                vBASE_COMM_VENC_ISPGetBlackLevel
                0x000143a8                vBASE_COMM_VENC_ISPGetDIS
                0x000143dc                vBASE_COMM_VENC_ISPGetAWBPara
                0x00014674                vBASE_COMM_VENC_ISPGetAEPara
                0x000148e0                vBASE_COMM_VENC_ISPGetModuleControl
                0x00014914                lBASE_COMM_START_VPSS_EXT
                0x000149d0                vBASE_CH_INIT
                0x00014a30                lBASE_COMM_START_VPSS_BASE
                0x00014b30                lBASE_SYS_CalcPicVbBlkSize
                0x00014c24                lBASE_SYS_DefVb
                0x00014ca4                lBASE_COMM_STOP_VPSSGROUP
                0x00014d1c                lBASE_VPSS_STOP_CH
                0x00014e4c                lBASE_COMM_START_VPSSGROUP
                0x00014f44                lBASE_VPSS_START_CH
                0x00015078                lBASE_COMM_VENC_UnBindVpss
                0x000150a4                lBASE_COMM_VENC_BindVpss
                0x000150d0                lBASE_COMM_VENC_Start
                0x000155b8                lBASE_VENC_StreamStart
                0x0001561c                lBASE_VENC_HANDLE_Write
                0x0001588c                pvBASE_VENC_GetVencStreamProc
                0x00016048                lBASE_CreateSurfaceByBitMap
                0x0001605c                lBASE_GetBmpInfo
                0x00016070                lBASE_VENC_StreamStop
                0x000160c0                lBASE_VENC_STOP
                0x0001619c                vBASE_SYS_Exit
                0x000161a0                lBASE_VENC_StopGetStream
                0x000161d0                lBASE_VENC_StartGetStream
                0x00016204                lBASE_VI_Deinit
                0x00016234                lBASE_VI_Init
                0x00016284                lBASE_SYS_Init
                0x00016298                lBASE_VENC_START_CH
 .text          0x000162f0      0x578 /home/liuboyuan/workspace/Hi3518_SDK_V1.0.8.0/mpp/3516C_src/base/base_mw_filesort.o
                0x000162f0                iBASE_MW_FILESORT_GetOccupySize
                0x00016318                eBASE_MW_FILESORT_DeInit
                0x0001636c                eBASE_MW_FILESORT_Read
                0x000163a4                eBASE_MW_FILESORT_Write
                0x000163cc                eBASE_MW_FILESORT_Init
                0x0001662c                eBASE_MW_FILESORT_CheckSpace
                0x000166d0                eBASE_MW_FILESORT_GetUsedSpace
                0x00016758                iBASE_MW_FILESORT_SortByTime
 .text          0x00016868      0x29c /home/liuboyuan/workspace/Hi3518_SDK_V1.0.8.0/mpp/3516C_src/base/base_mw_modechange.o
                0x00016868                lBASE_MODE_CHANGE
                0x0001688c                eBASE_VI_GETVICH
                0x000168c8                lBASE_MODE_START
                0x00016a00                lBASE_MODE_INIT
 .text          0x00016b04      0x520 /home/liuboyuan/workspace/Hi3518_SDK_V1.0.8.0/mpp/3516C_src/base/base_mw_osd.o
                0x00016b04                vBASE_MW_OSD_SetColor
                0x00016b20                vBASE_MW_OSD_SetFGColor
                0x00016b40                vBASE_MW_OSD_SetBGColor
                0x00016b5c                eBASE_MW_OSD_StrToRgb
                0x00016d4c                eBASE_MW_OSD_GetCharSize
                0x00016d84                eBASE_MW_OSD_LoadBmp
                0x00016e0c                vBASE_MW_OSD_Init
                0x00016ee0                eBASE_MW_OSD_RgbBufToBitmap
                0x00016f44                eBASE_MW_OSD_StrToBitmap
 .text          0x00017024     0x1034 /home/liuboyuan/workspace/Hi3518_SDK_V1.0.8.0/mpp/3516C_src/base/base_mw_overlay.o
                0x00017024                eBASE_MW_OVERLAY_INIT
                0x00017344                eBASE_MW_OVERLAY_UpdataRegMessage
                0x000173ac                eBASE_MW_OVERLAY_getTwoAlignVal
                0x00017444                eBASE_MW_OVERLAY_GetPicSize
                0x000174a8                eBASE_MW_OVERLAY_checkVal
                0x00017558                eBASE_MW_OVERLAY_getViWidth
                0x0001758c                eBASE_MW_OVERLAY_STOP
                0x00017670                lBASE_MW_getTimeString
                0x0001770c                vBASE_freeBitmap
                0x00017734                eBASE_MW_OVERLAY_ChgDynamicAttr
                0x00017818                eBASE_MW_OVERLAY_START
                0x00017968                eBASE_MW_OVERLAY_ShowTime
                0x00017b1c                vShowTime
                0x00017bc8                eBASE_MW_OVERLAY_ShowString
                0x00017cb4                eBASE_MW_OVERLAY_ShowPicture
                0x00017d74                eBASE_MW_OVERLAY_ShowBmp
                0x00017f58                eBASE_MW_OVERLAY_ChgStaticAttr
                0x00017ffc                eBASE_MW_OVERLAY_changeAttr
 .text          0x00018058      0x588 /home/liuboyuan/workspace/Hi3518_SDK_V1.0.8.0/mpp/3516C_src/base/base_mw_region.o
                0x00018058                eBASE_MW_REGION_INIT
                0x000180cc                eBASE_MW_REGION_getTwoAlignVal
                0x0001812c                eBASE_MW_REGION_Handle
                0x000182a0                eBASE_MW_REGION_GetUpdatedParam
                0x00018468                eBASE_MW_REGION_STOP
                0x000184b8                eBASE_MW_REGION_CHANGE
                0x00018540                eBASE_MW_REGION_START
 .text          0x000185e0      0x448 /home/liuboyuan/workspace/Hi3518_SDK_V1.0.8.0/mpp/3516C_src/base/base_mw_sd.o
                0x000185e0                eBASE_SD_MW_REMOVEFILE
                0x00018694                eBASE_SD_MW_CHECKSTATUS
                0x00018718                eBASE_SD_MW_MKWORKDIR
                0x000187e4                eBASE_MW_SD_CHECKEXIST
                0x00018968                eBASE_MW_SD_CHECK
                0x00018988                eBASE_SD_MW_GETSPACE
                0x000189b4                eBASE_SD_MW_CheckSpace
 .text          0x00018a28      0xa90 /home/liuboyuan/workspace/Hi3518_SDK_V1.0.8.0/mpp/3516C_src/base/base_mw_snap.o
                0x00018a28                vBASE_SNAP_INIT
                0x00018a38                lBASE_VENC_SnapHandle_Init
                0x00018a5c                lBASE_VENC_SnapHandle_Stop
                0x00018ae8                lBASE_VENC_SnapStart
                0x00018bcc                lBASE_VENC_SnapHandle_Start
                0x00018be4                lBASE_VENC_SaveJPEG
                0x00018c98                lBASE_VENC_SaveSnap
                0x00018ff4                lBASE_VENC_SnapHandle_Process
                0x00019470                lBASE_VENC_SnapHandle
 .text          0x000194b8      0x3bc /home/liuboyuan/workspace/Hi3518_SDK_V1.0.8.0/mpp/3516C_src/base/base_mw_subcard.o
                0x000194b8                eBASE_MW_SUBCARD_GetOverlayType
                0x000194c8                eBASE_MW_SUBCARD_FeedBack
                0x000195b0                eBASE_MW_SUBCARD_UpdateOverlayType
                0x000195c0                eBASE_MW_SUBCARD_UpdateTimeTh
                0x000195d0                vBASE_MW_SUBCARD_Deinit_Cleanup
                0x000195d8                eBASE_MW_SUBCARD_Deinit
                0x00019670                eBASE_MW_SUBCARD_NewSignal
                0x00019714                eBASE_MW_SUBCARD_StartSigProcess
                0x00019748                pvBASE_MW_SUBCARD_SigProcess
                0x00019838                eBASE_MW_SUBCARD_Init
 .text          0x00019874      0x85c /home/liuboyuan/workspace/Hi3518_SDK_V1.0.8.0/mpp/3516C_src/base/base_mw_subcard_rec.o
                0x00019874                eBASE_MW_SUBCARD_REC_UpdateRecDuration
                0x00019890                eBASE_MW_SUBCARD_REC_UpdateOverlayType
                0x000198a0                eBASE_MW_SUBCARD_REC_GetOverlayType
                0x000198b4                eBASE_MW_SUBCARD_REC_GetFrameType
                0x00019960                vBASE_MW_SUBCARD_REC_Read
                0x00019be4                eBASE_MW_SUBCARD_REC_Consume
                0x00019f14                eBASE_MW_SUBCARD_REC_Deinit
                0x00019f80                eBASE_MW_SUBCARD_REC_Init
 .text          0x0001a0d0      0x3d0 /home/liuboyuan/workspace/Hi3518_SDK_V1.0.8.0/mpp/3516C_src/base/base_mw_time.o
                0x0001a0d0                eBASE_MW_TIME_CheckTime
                0x0001a130                lBASE_MW_TIME_CompareNowTime
                0x0001a170                eBASE_MW_TIME_GetSysCmd
                0x0001a1b4                lBASE_MW_TIME_CompareTime
                0x0001a280                eBASE_MW_TIME_SetTime
                0x0001a310                eBASE_MW_TIME_ConfigTimeFromCmd
                0x0001a428                eBASE_MW_TIME_GetTime
 .text          0x0001a4a0      0x5d8 /home/liuboyuan/workspace/Hi3518_SDK_V1.0.8.0/mpp/3516C_src/base/base_mw_wifi.o
                0x0001a4a0                eBASE_MW_WIFI_GeneralCloseScript
                0x0001a4bc                eBASE_MW_WIFI_CreatConfig
                0x0001a73c                eBASE_MW_WIFI_PowerOff
                0x0001a7a8                eBASE_MW_WIFI_PowerOn
                0x0001a814                eBASE_MW_WIFI_ExecuteCloseScript
                0x0001a820                eBASE_MW_WIFI_DisConnect
                0x0001a884                eBASE_MW_WIFI_Deinit
                0x0001a8ac                eBASE_MW_WIFI_ExecuteOpenScript
                0x0001a8b8                eBASE_MW_WIFI_Init
                0x0001a938                eBASE_MW_WIFI_GeneralOpenScript
                0x0001a99c                eBASE_MW_WIFI_Connect
                0x0001a9fc                eBASE_MW_WIFI_Update
 .text          0x0001aa78      0x3e0 /home/liuboyuan/workspace/Hi3518_SDK_V1.0.8.0/mpp/3516C_src/base/base_util_mux_imple_mpegts.o
                0x0001aa78                eBASE_UTIL_MUX_IMPLE_MPEGTS_Init
                0x0001aab8                eBASE_UTIL_MUX_IMPLE_MPEGTS_StopThread
                0x0001ab14                eBASE_UTIL_MUX_IMPLE_MPEGTS_StartThread
                0x0001ab70                eBASE_UTIL_MUX_IMPLE_MPEGTS_MuxRequest
                0x0001abb4                eBASE_UTIL_MUX_IMPLE_MPEGTS_Mux_Handle
                0x0001ac54                eBASE_UTIL_MUX_IMPLE_MPEGTS_Mux_PreHandle
                0x0001ac9c                eBASE_UTIL_MUX_IMPLE_MPEGTS_Mux
                0x0001acf0                pvBASE_UTIL_MUX_IMPLE_MPEGTS_MainHandle
                0x0001ad5c                eBASE_UTIL_MUX_IMPLE_MPEGTS_DeInit
                0x0001add0                eBASE_UTIL_MUX_IMPLE_MPEGTS_Construct
 .text          0x0001ae58     0x200c /home/liuboyuan/workspace/Hi3518_SDK_V1.0.8.0/mpp/3516C_src/base/base_venc_control.o
                0x0001ae58                lBASE_GET_PARAID
                0x0001ae70                vBASE_VENC_Ctrl_AttrInit
                0x0001af2c                lBASE_VENC_GetRecordUpdatedParam
                0x0001afe0                lBASE_VENC_ParaToVencPara
                0x0001b05c                lBASE_SYS_GetPicSize
                0x0001b0bc                lBASE_MW_COMM_IsISlice
                0x0001b158                lBASE_VENC_RtpParaHandle
                0x0001b41c                lBASE_VENC_RtpInitFromIplist
                0x0001b518                lBASE_VENC_RtpServerInit
                0x0001b570                lBASE_VENC_RtpUpdate
                0x0001b608                lBASE_VENC_GetRtpUpdatedParam
                0x0001b858                lBASE_VENC_ParaHandle
                0x0001b94c                lBASE_VENC_GetVencUpdatedParam
                0x0001ba90                lBASE_VENC_ReConfigTime
                0x0001baf4                lBASE_VENC_ConfigTime
                0x0001bb6c                lBASE_VENC_GetSystemUpdatedParam
                0x0001bd24                lBASE_VENC_Ctrl_VencStop
                0x0001c1ec                lBASE_VENC_Ctrl_Exit
                0x0001c204                lBASE_VENC_SystemParaHandle
                0x0001c438                lBASE_VENC_Ctrl_VencStart
                0x0001c4d0                lBASE_VENC_Ctrl_VencInit
                0x0001c588                lBASE_VENC_Ctrl_Region_Process
                0x0001c604                lBASE_VENC_Ctrl_VencProcess
                0x0001c68c                lBASE_VENC_Ctrl_SystemProcess
                0x0001c714                lBASE_VENC_Ctrl_RecordProcess
                0x0001c930                lBASE_VENC_Ctrl_EthHandle
                0x0001c968                lBASE_VENC_Ctrl_EthProcess
                0x0001ca98                lBASE_VENC_Ctrl_Process
                0x0001ce14                vBASE_VENC_Ctrl_Thread
 .text          0x0001ce64     0x128c /home/liuboyuan/workspace/Hi3518_SDK_V1.0.8.0/mpp/3516C_src/base/base_venc_dataconsume.o
                0x0001ce64                eBASE_VENC_DATACONSUME_UpdateTimeThreshold
                0x0001ce9c                eBASE_VENC_DATACONSUME_CloseFile
                0x0001cef0                eBASE_VENC_DATACONSUME_WriteCurrentFrame
                0x0001cf54                eBASE_VENC_DATACONSUME_OpenNewFile
                0x0001cfd8                BASE_VENC_DATACONSUME_ReadCallback_ISliceVersion
                0x0001d57c                BASE_VENC_DATACONSUME_ReadCallback
                0x0001d99c                pvVConsumer
                0x0001dac8                pvMConsumer
                0x0001de84                eBASE_VENC_DATACONSUME_StopVConsumer
                0x0001dea8                eBASE_VENC_DATACONSUME_StopMConsumer
                0x0001decc                eBASE_VENC_DATACONSUME_Deinit
                0x0001df60                eBASE_VENC_DATACONSUME_StartVConsumer
                0x0001df98                eBASE_VENC_DATACONSUME_StartMConsumer
                0x0001dfcc                eBASE_VENC_DATACONSUME_Init
 .text          0x0001e0f0      0x3b8 /home/liuboyuan/workspace/Hi3518_SDK_V1.0.8.0/mpp/3516C_src/base/base_venc_handle.o
                0x0001e0f0                vBASE_VENC_HIGHHANDLE_RtpSend
                0x0001e168                pvBASE_VENC_HITHHANDLE_DataHandle
                0x0001e190                eBASE_VENC_HIGHHANDLE_ThreadDeInit
                0x0001e1f4                eBASE_VENC_HIGHHANDLE_StopThread
                0x0001e228                eBASE_VENC_HANDLE_RtpCmdHandle
                0x0001e308                pvBASE_VENC_HIGHHANDLE_ThreadHandle
                0x0001e370                eBASE_VENC_HIGHHANDLE_RtpInit
                0x0001e3e4                eBASE_VENC_HIGHHANDLE_ThreadInit
                0x0001e404                eBASE_VENC_HIGHHANDLE_StartThread
                0x0001e45c                eBASE_VENC_HANDLE_ResDeInit
                0x0001e46c                eBASE_VENC_HANDLE_ResInit
 .text          0x0001e4a8      0x17c /home/liuboyuan/workspace/Hi3518_SDK_V1.0.8.0/mpp/3516C_src/ctrl/ctrl_api_button.o
                0x0001e4a8                pvCTRL_BUTTON_Thread
                0x0001e558                eCTRL_API_BUTTON_StopThread
                0x0001e584                eCTRL_API_BUTTON_StartThread
                0x0001e5bc                eCTRL_API_BUTTON_Deinit
                0x0001e5f0                eCTRL_API_BUTTON_Init
 .text          0x0001e624      0x130 /home/liuboyuan/workspace/Hi3518_SDK_V1.0.8.0/mpp/3516C_src/ctrl/ctrl_cmdPreHanle.o
                0x0001e624                vCTRL_CmdPreHandle
 .text          0x0001e754      0xb10 /home/liuboyuan/workspace/Hi3518_SDK_V1.0.8.0/mpp/3516C_src/ctrl/ctrl_guiReq.o
                0x0001e754                psCTRL_Gui_GetClient
                0x0001e77c                lCTRL_Gui_Client_ChkClose
                0x0001e7a4                vCTRL_Gui_ReachMax
                0x0001e7cc                vCTRL_Gui_Init
                0x0001e850                vCTRL_Gui_SendToClient
                0x0001e8d0                eCTRL_PostFeedback_RecHandle
                0x0001e92c                eCTRL_PostFeedback_VdaHandle
                0x0001e994                vCTRL_Gui_Close
                0x0001ea1c                vCTRL_Gui_ReqDown
                0x0001ea60                vCTRL_Gui_Feedback
                0x0001eb4c                pvCTRL_Gui_Control
                0x0001ebe4                pvCTRL_Gui_Client
                0x0001f05c                pvCTRL_Gui_Req
 .text          0x0001f264      0x23c /home/liuboyuan/workspace/Hi3518_SDK_V1.0.8.0/mpp/3516C_src/ctrl/ctrl_interactiveCtl.o
                0x0001f264                vCTRL_InteractiveCtl
 .text          0x0001f4a0      0x2c8 /home/liuboyuan/workspace/Hi3518_SDK_V1.0.8.0/mpp/3516C_src/ctrl/ctrl_reqResponse.o
                0x0001f4a0                vCTRL_Feedback
                0x0001f5b0                lCTRL_RequestResponse
 .text          0x0001f768     0x3e24 /home/liuboyuan/workspace/Hi3518_SDK_V1.0.8.0/mpp/3516C_src/ctrl/ctrl_terminalReq.o
                0x0001f768                lCTRL_TerminalReq_CheckHdmi
                0x0001f7f8                lCTRL_TerminalReq_CheckVda
                0x0001f8b0                lCTRL_TerminalReq_CheckReg
                0x0001f9fc                lCTRL_TerminalReq_CheckVenc
                0x0001fa3c                lCTRL_TerminalReq_CheckEth
                0x0001fac4                lCTRL_TerminalReq_CheckSys
                0x0001fbd4                lCTRL_TerminalReq_GetDebugCmd
                0x0001fc70                lCTRL_TerminalReq_GetCmd
                0x0001fdd4                lCTRL_TerminalReq_ParseRecCmd
                0x0001ffc4                lCTRL_TerminalReq_ParseVencCmd
                0x0002058c                lCTRL_TerminalReq_IspCmdHandle
                0x00020854                lCTRL_TerminalReq_ParseRegCmd
                0x0002129c                lCTRL_TerminalReq_ParseIspCmd
                0x00022070                lCTRL_TerminalReq_ParseEthCmd
                0x000228ec                vCTRL_TerminalReq_ShowHelp_Vda
                0x0002292c                vCTRL_TerminalReq_ShowHelp_Reg
                0x000229a8                vCTRL_TerminalReq_ShowHelp_Isp
                0x00022a60                vCTRL_TerminalReq_ShowHelp_Eth
                0x00022ae8                vCTRL_TerminalReq_ShowHelp_Venc
                0x00022b34                vCTRL_TerminalReq_ShowHelp_Rec
                0x00022b74                vCTRL_TerminalReq_ShowHelp_Hdmi
                0x00022ba8                vCTRL_TerminalReq_ShowHelp_System
                0x00022c54                vCTRL_TerminalReq_ShowHelp
                0x00022c88                lCTRL_TerminalReq_ParseSystemCmd
                0x00023000                lCTRL_TerminalReq_Cmd2Req
                0x00023128                pvCTRL_TerminalReq
 .text          0x0002358c      0x948 /home/liuboyuan/workspace/Hi3518_SDK_V1.0.8.0/mpp/3516C_src/ctrl/ctrl_uart_getCommand.o
                0x0002358c                eCTRL_UART_getCommand_CheckCommand
                0x00023678                eCTRL_UART_getCommand_CheckCode
                0x00023718                eCTRL_UART_getCommand_welcomeMessage_getMsg
                0x00023764                eCTRL_UART_getCommand_CheckFeedback
                0x00023798                eCTRL_UART_getCommand_RegularCommandLen
                0x000237e4                eCTRL_UART_getCommand_welcomeMessage
                0x0002381c                eCTRL_UART_getCommand_handleMessage
                0x000239e0                eCTRL_UART_getCommand_getMessage
                0x00023aec                eCTRL_UART_getCommand_GetFeedBack
                0x00023b1c                vCTRL_UART_getCommand_Thread_ClearThreadArg
                0x00023b5c                vCTRL_UART_getCommand_Thread_Cleanup
                0x00023b64                pvCTRL_UART_getCommand_Thread
                0x00023c98                eCTRL_UART_getCommand_StopThread
                0x00023ccc                eCTRL_UART_getCommand_StartThread
                0x00023d38                eCTRL_UART_getCommand_Deinit
                0x00023dd8                eCTRL_UART_getCommand_Init
 .text          0x00023ed4      0x3cc /home/liuboyuan/workspace/Hi3518_SDK_V1.0.8.0/mpp/3516C_src/ctrl/ctrl_uartReq.o
                0x00023ed4                eCTRL_UARTREQ_Feedback
                0x00023f90                eCTRL_UARTREQ_Deinit
                0x00023fec                vCTRL_UARTREQ_Thread_Cleanup
                0x00024034                eCTRL_UARTREQ_Init
                0x0002408c                pvCTRL_UARTREQ_Thread
                0x00024210                eCTRL_UARTREQ_StopThread
                0x00024244                eCTRL_UARTREQ_StartThread
 .text          0x000242a0      0x14c /home/liuboyuan/workspace/Hi3518_SDK_V1.0.8.0/mpp/3516C_src/ctrl/ctrl_uartReq_parseCommand.o
                0x000242a0                eCTRL_UARTREQ_PARSECOMMAND_GetCommandFunction
                0x00024358                eCTRL_UARTREQ_PARSECOMMAND_InitCommand
                0x00024374                eCTRL_UARTREQ_PARSECOMMAND_HandleCommand
 .text          0x000243ec      0x198 /home/liuboyuan/workspace/Hi3518_SDK_V1.0.8.0/mpp/3516C_src/ctrl/CTRL_UARTREQ_PARSECOMMAND_Common.o
                0x000243ec                vGetCorrectFeedback
                0x00024438                vGetErrorFeedback
                0x0002449c                vGetFeedback
                0x000244b0                vGetCharContent
                0x00024520                lNUCharToLong
 .text          0x00024584       0xa8 /home/liuboyuan/workspace/Hi3518_SDK_V1.0.8.0/mpp/3516C_src/ctrl/CTRL_UARTREQ_PARSECOMMAND_EMPTY.o
                0x00024584                pvCTRL_UARTREQ_PARSECOMMAND_EMPTY
 .text          0x0002462c      0x5f8 /home/liuboyuan/workspace/Hi3518_SDK_V1.0.8.0/mpp/3516C_src/ctrl/CTRL_UARTREQ_PARSECOMMAND_INTER.o
                0x0002462c                eCTRL_UARTREQ_PARSECOMMAND_INTER_DeltTimeCheck
                0x00024694                vCTRL_UARTREQ_PARSECOMMAND_INTER_WriteGPSOsdGPSYReq
                0x000248cc                vCTRL_UARTREQ_PARSECOMMAND_INTER_WriteGPSOsdGPSXReq
                0x00024b08                vCTRL_UDARTREQ_PARSECOMMAND_IINTER_WriteInterReq
                0x00024b74                pvCTRL_UARTREQ_PARSECOMMAND_INTER
 .text          0x00024c24      0x2b0 /home/liuboyuan/workspace/Hi3518_SDK_V1.0.8.0/mpp/3516C_src/ctrl/CTRL_UARTREQ_PARSECOMMAND_LED.o
                0x00024c24                vCTRL_UARTREQ_PARSECOMMAND_LED_WriteTimeOsdReq
                0x00024d94                vCTRL_UARTREQ_PARSECOMMAND_LED_WriteThreadStartReq
                0x00024dfc                vCTRL_UARTREQ_PARSECOMMAND_LED_WriteLedRequest
                0x00024e8c                pvCTRL_UARTREQ_PARSECOMMAND_LED
 .text          0x00024ed4       0x90 /home/liuboyuan/workspace/Hi3518_SDK_V1.0.8.0/mpp/3516C_src/ctrl/CTRL_UARTREQ_PARSECOMMAND_QUIT.o
                0x00024ed4                pvCTRL_UARTREQ_PARSECOMMAND_QUIT
 .text          0x00024f64       0xa4 /home/liuboyuan/workspace/Hi3518_SDK_V1.0.8.0/mpp/3516C_src/ctrl/CTRL_UARTREQ_PARSECOMMAND_SNAP.o
                0x00024f64                pvCTRL_UARTREQ_PARSECOMMAND_SNAP
 .text          0x00025008      0x594 /home/liuboyuan/workspace/Hi3518_SDK_V1.0.8.0/mpp/3516C_src/ctrl/CTRL_UARTREQ_PARSECOMMAND_TIME.o
                0x00025008                vCTRL_UARTREQ_PARSECOMMAND_TIME_WriteTimeOsdReq
                0x00025178                vCTRL_UARTREQ_PARSECOMMAND_TIME_WriteThreadStartReq
                0x000251e0                vCTRL_UDARTREQ_PARSECOMMAND_TIME_WriteAfterTimeReq
                0x0002528c                vCTRL_UDARTREQ_PARSECOMMAND_TIME_WriteBeforeTimeReq
                0x0002530c                vCTRL_UDARTREQ_PARSECOMMAND_TIME_WriteOverlayTypeReq
                0x00025384                vCTRL_UDARTREQ_PARSECOMMAND_TIME_GetTimeString
                0x00025438                vCTRL_UDARTREQ_PARSECOMMAND_TIME_WriteTimeReq
                0x00025510                pvCTRL_UARTREQ_PARSECOMMAND_TIME
 .text          0x0002559c      0x240 /home/liuboyuan/workspace/Hi3518_SDK_V1.0.8.0/mpp/3516C_src/ctrl/CTRL_UARTREQ_PARSECOMMAND_WIFI.o
                0x0002559c                vCTRL_UDARTREQ_PARSECOMMAND_WIFI_WriteWifiType
                0x000255e4                vCTRL_UDARTREQ_PARSECOMMAND_WIFI_WritePassWord
                0x00025680                vCTRL_UDARTREQ_PARSECOMMAND_WIFI_WriteUserName
                0x0002571c                pvCTRL_UARTREQ_PARSECOMMAND_WIFI
 .text          0x000257dc      0x1cc /home/liuboyuan/workspace/Hi3518_SDK_V1.0.8.0/mpp/3516C_src/ctrl/ctrl_uartReq_saveReq.o
                0x000257dc                eCTRL_UARTREQ_SAVEREQ_Init
                0x00025824                eCTRL_UARTREQ_SAVEREQ_Reset
                0x00025860                eCTRL_UARTREQ_SAVEREQ_ReadReq
                0x00025898                eCTRL_UARTREQ_SAVEREQ_Show
                0x00025924                eCTRL_UARTREQ_SAVEREQ_WriteReq
 .text          0x000259a8      0x550 /home/liuboyuan/workspace/Hi3518_SDK_V1.0.8.0/mpp/3516C_src/common/comm_command.o
                0x000259a8                vCOMM_CMD_InitCmd
                0x000259b0                lCOMM_CMD_CheckCmds
                0x000259b8                lCOMM_CMD_CheckCmdVenc
                0x00025a2c                lCOMM_CMD_CheckCmdEth
                0x00025aa4                lCOMM_CMD_CheckCmdHdmi
                0x00025aac                lCOMM_CMD_CheckCmdVda
                0x00025ab4                lCOMM_CMD_CheckCmdSystem
                0x00025ac4                lCOMM_CMD_CheckCmdIsp
                0x00025bec                lCOMM_CMD_CheckCmd
                0x00025c7c                lCOMM_CMD_CheckCmdRec
                0x00025c9c                vCOMM_CMD_Split
                0x00025d24                vCOMM_CMD_AddCmdHeadTail
                0x00025e0c                vCOMM_CMD_AddReqInfo
                0x00025e70                vCOMM_CMD_CmdToChar
                0x00025eac                vCOMM_CMD_CharToCmd
 .text          0x00025ef8      0x318 /home/liuboyuan/workspace/Hi3518_SDK_V1.0.8.0/mpp/3516C_src/common/comm_conditionFlag.o
                0x00025ef8                vCOMM_CF_GetTimeoutCF
                0x00025f38                vCOMM_CF_DeInitCF
                0x00025f80                vCOMM_CF_GetIdCF
                0x00025fec                vCOMM_CF_DeregCF
                0x00026018                vCOMM_CF_RegCF
                0x00026044                vCOMM_CF_SetIdCF
                0x000260d0                vCOMM_CF_WtCF
                0x00026108                vCOMM_CF_RdCF
                0x0002618c                vCOMM_CF_InitCF
 .text          0x00026210      0x218 /home/liuboyuan/workspace/Hi3518_SDK_V1.0.8.0/mpp/3516C_src/common/comm_dd_adc.o
                0x00026210                eCOMM_DD_ADC_GetRst
                0x00026238                eCOMM_DD_ADC_DeInit
                0x00026258                eCOMM_DD_ADC_Init
                0x000262cc                eCOMM_DD_ADC_GetCfg
                0x00026374                eCOMM_DD_ADC_Config
 .text          0x00026428       0xd4 /home/liuboyuan/workspace/Hi3518_SDK_V1.0.8.0/mpp/3516C_src/common/comm_dd_button.o
                0x00026428                eCOMM_DD_BUTTON_Close
                0x00026430                eCOMM_DD_BUTTON_Write
                0x0002647c                eCOMM_DD_BUTTON_Read
                0x000264c8                eCOMM_DD_BUTTON_Open
                0x000264ec                eCOMM_DD_BUTTON_Init
 .text          0x000264fc      0x110 /home/liuboyuan/workspace/Hi3518_SDK_V1.0.8.0/mpp/3516C_src/common/comm_dd_ircut.o
                0x000264fc                eCOMM_DD_IRCUT_DeInit
                0x0002651c                eCOMM_DD_IRCUT_Set
                0x000265ac                eCOMM_DD_IRCUT_Init
 .text          0x0002660c      0x5f0 /home/liuboyuan/workspace/Hi3518_SDK_V1.0.8.0/mpp/3516C_src/common/comm_dd_uart.o
                0x0002660c                eCOMM_DD_UART_Flush
                0x0002664c                eCOMM_DD_UART_SetStopBits
                0x000266b0                eCOMM_DD_UART_SetParity
                0x00026820                eCOMM_DD_UART_SetDataBits
                0x000268a8                eCOMM_DD_UART_SetFlowCtl
                0x0002691c                eCOMM_DD_UART_SetSpeed
                0x00026948                eCOMM_DD_UART_Deinit
                0x00026964                eCOMM_DD_UART_Close
                0x0002698c                eCOMM_DD_UART_Write
                0x000269c0                eCOMM_DD_UART_Read
                0x000269e0                eCOMM_DD_UART_Read_Timeout
                0x00026ac8                eCOMM_DD_UART_Open
                0x00026bc4                eCOMM_DD_UART_Init
 .text          0x00026bfc      0x58c /home/liuboyuan/workspace/Hi3518_SDK_V1.0.8.0/mpp/3516C_src/common/comm_debug.o
                0x00026bfc                vCOMM_SetBit
                0x00026c28                vCOMM_UnsetBit
                0x00026c54                vCOMM_IsSetBit
                0x00026c78                vCOMM_PrintTime
                0x00026cf4                eCOMM_GetFileName
                0x00026e5c                vCOMM_MemPrint
                0x000270e8                vCOMM_TimeMeasure
 .text          0x00027188      0x444 /home/liuboyuan/workspace/Hi3518_SDK_V1.0.8.0/mpp/3516C_src/common/comm_fileSort.o
                0x00027188                vFileSortShowEntry
                0x0002718c                eCOMM_FILESORT_DeInit
                0x000271f4                eCOMM_FILESORT_Read
                0x00027260                eCOMM_FILESORT_Write
                0x000272cc                eCOMM_FILESORT_Reset
                0x000272e0                eCOMM_FILESORT_GetCount
                0x000272f4                eCOMM_FILESORT_Delete
                0x00027334                lFileSortIsKeyOfValue
                0x00027348                eCOMM_FILESORT_Creat
                0x000274f8                eCOMM_FILESORT_Init
                0x00027534                iCOMM_FILESORT_SortByTime
 .text          0x000275cc      0x5c0 /home/liuboyuan/workspace/Hi3518_SDK_V1.0.8.0/mpp/3516C_src/common/comm_fileSystem.o
                0x000275cc                iCOMM_FILESYSTEM_GetOccupySize
                0x000275f4                eCOMM_FILESYSTEM_JudgeMakeUp
                0x00027624                eCOMM_FILESYSTEM_GetUsedSpaceSize
                0x000276cc                eCOMM_FILESYSTEM_GetFreeSpaceSize
                0x00027710                eCOMM_FILESYSTEM_GetFileSize
                0x00027784                eCOMM_FILESYSTEM_DeleteFile
                0x000277fc                eCOMM_FILESYSTEM_DeInit
                0x00027814                eCOMM_FILESYSTEM_Init
                0x00027830                eCOMM_FILESYSTEM_CHECKMOUNT
                0x000278f8                eCOMM_FILESYSTEM_CheckPath
                0x00027924                eCOMM_FILESYSTEM_GetAvailableSize
                0x000279ac                eCOMM_FILESYSTEM_CheckSpace
                0x000279e8                eCOMM_FILESYSTEM_GetToalSpaceSize
                0x00027a6c                eCOMM_FILESYSTEM_MakeUp
                0x00027b28                eCOMM_FILESYSTEM_GetPathInfo
 .text          0x00027b8c      0x768 /home/liuboyuan/workspace/Hi3518_SDK_V1.0.8.0/mpp/3516C_src/common/comm_iplist.o
                0x00027b8c                lCOMM_IPList_GetCh
                0x00027bc0                lCOMM_IPList_FindPort
                0x00027bf4                eCOMM_IPList_ToArray
                0x00027c7c                eCOMM_IPList_ChangeCH
                0x00027d2c                eCOMM_IPList_ChangeCH_ByArray
                0x00027e50                psCOMM_IPList_FindIP
                0x00027e8c                lCOMM_IPList_Find
                0x00027f2c                vCOMM_IPList_GetInfo
                0x00027ffc                lCOMM_IPList_Del
                0x00028164                vCOMM_IPList_DeInit
                0x000281e8                lCOMM_IPList_Add
                0x000282e0                vCOMM_IPList_Init
 .text          0x000282f4      0x57c /home/liuboyuan/workspace/Hi3518_SDK_V1.0.8.0/mpp/3516C_src/common/comm_list.o
                0x000282f4                eCOMM_LIST_Retrive_Node
                0x0002834c                eCOMM_LIST_Show_Node
                0x00028354                eCOMM_LIST_Traversal
                0x000283e0                eCOMM_LIST_ShowEntry
                0x00028444                eCOMM_LIST_Show_List
                0x0002847c                eCOMM_LIST_GetCount
                0x000284a8                eCOMM_LIST_RetrieveSpecial
                0x00028534                eCOMM_LIST_Update
                0x00028594                eCOMM_LIST_Retrieve
                0x000285f8                eCOMM_LIST_Reset
                0x00028660                eCOMM_LIST_Deinit
                0x00028698                eCOMM_LIST_Delete
                0x00028754                eCOMM_LIST_Create
                0x000287e8                eCOMM_LIST_Init
 .text          0x00028870      0x11c /home/liuboyuan/workspace/Hi3518_SDK_V1.0.8.0/mpp/3516C_src/common/comm_mw_led.o
                0x00028870                eCOMM_MW_LED_GreenOff
                0x0002888c                eCOMM_MW_LED_GreenOn
                0x000288a8                eCOMM_MW_LED_RedOff
                0x000288c4                eCOMM_MW_LED_RedOn
                0x000288e0                eCOMM_MW_LED_Deinit
                0x00028900                eCOMM_MW_LED_Close
                0x00028924                eCOMM_MW_LED_Open
                0x00028954                eCOMM_MW_LED_Init
 .text          0x0002898c      0x1d8 /home/liuboyuan/workspace/Hi3518_SDK_V1.0.8.0/mpp/3516C_src/common/comm_mw_strpool.o
                0x0002898c                COMM_MW_StrPool_GetStrPool
                0x000289bc                COMM_MW_StrPool_UpdateStrPool
                0x000289d0                COMM_MW_StrPool_WriteEntryPrePare
                0x00028a40                COMM_MW_StrPool_Init
                0x00028a74                COMM_MW_StrPool_ReadEntry
                0x00028ab8                COMM_MW_StrPool_WriteEntry
 .text          0x00028b64       0xf8 /home/liuboyuan/workspace/Hi3518_SDK_V1.0.8.0/mpp/3516C_src/common/comm_mw_time.o
                0x00028b64                eCOMM_MW_TIME_Reset
                0x00028b7c                lCOMM_MW_TIME_GetDeltTime
                0x00028b84                eCOMM_MW_TIME_Save
                0x00028b94                eCOMM_MW_TIME_Update
                0x00028be4                eCOMM_MW_TIME_Init
 .text          0x00028c5c      0x4c8 /home/liuboyuan/workspace/Hi3518_SDK_V1.0.8.0/mpp/3516C_src/common/comm_mw_vfile.o
                0x00028c5c                eCOMM_MW_VFILE_Show
                0x00028c64                eCOMM_MW_VFILE_Clear
                0x00028c7c                eCOMM_MW_VFILE_Reset
                0x00028ce0                eCOMM_MW_VFILE_Deinit
                0x00028d34                eCOMM_MW_VFILE_GetBlkSize
                0x00028d68                eCOMM_MW_VFILE_Init
                0x00028e6c                eCOMM_MW_VFILE_PreClose
                0x00028eec                eCOMM_MW_VFILE_Close
                0x00028f2c                eCOMM_MW_VFILE_Write
                0x000290a8                eCOMM_MW_VFILE_Open
 .text          0x00029124      0x3c8 /home/liuboyuan/workspace/Hi3518_SDK_V1.0.8.0/mpp/3516C_src/common/comm_net.o
                0x00029124                eCOMM_NET_ISCONNECT
                0x00029184                vCOMM_Net_DeInit
                0x000291a0                vCOMM_Net_Write
                0x0002920c                lCOMM_Net_Read
                0x0002932c                vCOMM_Net_Connect
                0x000293ac                vCOMM_Net_Init
 .text          0x000294ec     0x19dc /home/liuboyuan/workspace/Hi3518_SDK_V1.0.8.0/mpp/3516C_src/common/comm_parameters.o
                0x000294ec                vCOMM_PARA_CharToPara
                0x00029504                vCOMM_PARA_ParaToChar
                0x0002954c                vCOMM_PARA_ParasToChar
                0x000295bc                vCOMM_PARA_ParaIdToSubCommentHdmi
                0x000295d0                vCOMM_PARA_ParaIdToSubCommentRec
                0x0002963c                vCOMM_PARA_ParaIdToSubCommentISP
                0x00029a08                vCOMM_PARA_ParaIdToSubCommentEth
                0x00029a8c                vCOMM_PARA_ParaIdToSubCommentVenc
                0x00029af8                vCOMM_PARA_ParaIdToSubCommentSystem
                0x00029b28                vCOMM_PARA_ParaIdToComment
                0x00029d30                lCOMM_PARA_GetParaVal
                0x00029d5c                vCOMM_PARA_WriteParasBack
                0x00029ef0                lCOMM_PARA_GetParaId
                0x00029f1c                vCOMM_PARA_SetPara
                0x00029f4c                lCOMM_PARA_UpdateParas
                0x00029fb0                vCOMM_PARA_InitDefaultParas
                0x0002ac5c                lCOMM_PARA_InitCfgParas
                0x0002ae88                vCOMM_PARA_InitParas
 .text          0x0002aec8      0x144 /home/liuboyuan/workspace/Hi3518_SDK_V1.0.8.0/mpp/3516C_src/common/comm_pipe.o
                0x0002aec8                vCOMM_Pipe_DeInit
                0x0002af0c                vCOMM_Pipe_Write
                0x0002af34                vCOMM_Pipe_Read
                0x0002af6c                vCOMM_Pipe_Init
                0x0002afd8                vCOMM_Pipe_Create
 .text          0x0002b00c     0x155c /home/liuboyuan/workspace/Hi3518_SDK_V1.0.8.0/mpp/3516C_src/common/comm_pool.o
                0x0002b00c                eCOMM_POOL_InitAll
                0x0002b034                psCOMM_POOL_GetPoolFromId
                0x0002b050                eCOMM_POOL_GetFreePool
                0x0002b0c4                eCOMM_POOL_SetAllConsumerReader
                0x0002b134                eCOMM_POOL_SetConsumerReader
                0x0002b150                eCOMM_POOL_GetConsumerReader
                0x0002b170                eCOMM_POOL_GetConsumerKey
                0x0002b21c                eCOMM_POOL_ShowAllConsumerReader
                0x0002b224                eCOMM_POOL_GetConsumerStat
                0x0002b23c                eCOMM_POOL_SetConsumerStat
                0x0002b250                eCOMM_POOL_ResetConsumer
                0x0002b2d4                eCOMM_POOL_ShowReadList
                0x0002b2f8                eCOMM_POOL_QueryConsumerOrder
                0x0002b344                eCOMM_POOL_PreWriteHandle
                0x0002b3d4                eCOMM_POOL_SetBlkOrder
                0x0002b428                psCOMM_POOL_GetFreeBlk
                0x0002b4f4                eCOMM_POOL_ShowBlock
                0x0002b564                eCOMM_POOL_ShowPoolInfo
                0x0002b774                eCOMM_POOL_DeinitBlk
                0x0002b7d8                eCOMM_POOL_Update
                0x0002b94c                eCOMM_POOL_PushReader
                0x0002b9cc                eCOMM_POOL_RemoveConsumerReader
                0x0002ba44                eCOMM_POOL_InitBlk
                0x0002ba9c                eCOMM_POOL_Deinit
                0x0002bc5c                eCOMM_POOL_DeinitAll
                0x0002bd0c                eCOMM_POOL_Dettach
                0x0002bdb8                eCOMM_POOL_Write
                0x0002c020                eCOMM_POOL_Read
                0x0002c198                eCOMM_POOL_Attach
                0x0002c2f0                eCOMM_POOL_Init
 .text          0x0002c568      0x4f0 /home/liuboyuan/workspace/Hi3518_SDK_V1.0.8.0/mpp/3516C_src/common/comm_pool_payload.o
                0x0002c568                eCOMM_POOL_PAYLOAD_GetWriter
                0x0002c578                eCOMM_POOL_PAYLOAD_WriteExtraData
                0x0002c5e0                eCOMM_POOL_PAYLOAD_QueryAndFill
                0x0002c82c                eCOMM_POOL_PAYLOAD_Deinit
                0x0002c87c                eCOMM_POOL_PAYLOAD_Read
                0x0002c93c                eCOMM_POOL_PAYLOAD_Write
                0x0002c9d4                eCOMM_POOL_PAYLOAD_Init
 .text          0x0002ca58      0x1c0 /home/liuboyuan/workspace/Hi3518_SDK_V1.0.8.0/mpp/3516C_src/common/comm_queue.o
                0x0002ca58                vCOMM_LQ_DeInit
                0x0002caac                vCOMM_LQ_Read
                0x0002cb20                vCOMM_LQ_Write
                0x0002cbd0                vCOMM_LQ_Init
 .text          0x0002cc18      0x15c /home/liuboyuan/workspace/Hi3518_SDK_V1.0.8.0/mpp/3516C_src/common/comm_sharemem.o
                0x0002cc18                eCOMM_ShareMem_GetDate
                0x0002cc4c                vCOMM_ShareMem_Destroy
                0x0002cc70                vCOMM_ShareMem_Detach
                0x0002cc80                eCOMM_ShareMem_Write
                0x0002ccc0                eCOMM_ShareMem_Read
                0x0002ccf8                vCOMM_ShareMem_Attach
                0x0002cd28                vCOMM_ShareMem_Create
 .text          0x0002cd74      0x8a4 /home/liuboyuan/workspace/Hi3518_SDK_V1.0.8.0/mpp/3516C_src/common/comm_spaceSafer.o
                0x0002cd74                eCOMM_SPACESAFER_DeInit
                0x0002cdc8                eCOMM_SPACESAFER_Reset
                0x0002cdfc                eCOMM_SPACESAFER_Create
                0x0002ce5c                eCOMM_SPACESAFER_Init
                0x0002cf08                eCOMM_SPACESAFER_Restart
                0x0002cf28                eCOMM_SPACESAFER_CheckSpace
                0x0002cf98                eCOMM_SPACESAFER_QueryCheck
                0x0002d020                eCOMM_SPACESAFER_Compare
                0x0002d350                eCOMM_SPACESAFER_UnRegisterFile
                0x0002d358                eCOMM_SPACESAFER_DeleteOlderFile
                0x0002d3a0                eCOMM_SPACESAFER_QuerySpace
                0x0002d560                eCOMM_SPACESAFER_GetCurrentFileSize
                0x0002d5b0                eCOMM_SPACESAFER_QueryHealthy
                0x0002d5f8                eCOMM_SPACESAFER_RegisterFile
 .text          0x0002d618      0x24c /home/liuboyuan/workspace/Hi3518_SDK_V1.0.8.0/mpp/3516C_src/common/comm_stream.o
                0x0002d618                eCOMM_STREAM_FindByte
                0x0002d6a0                eCOMM_STREAM_Split
                0x0002d7dc                eCOMM_STREAM_FindNotByte
 .text          0x0002d864      0x160 /home/liuboyuan/workspace/Hi3518_SDK_V1.0.8.0/mpp/3516C_src/common/comm_string.o
                0x0002d864                COMM_STRING_ReplaceSubString
                0x0002d8c4                COMM_STRING_FindSubString
                0x0002d920                COMM_STRING_GetString
 .text          0x0002d9c4      0x454 /home/liuboyuan/workspace/Hi3518_SDK_V1.0.8.0/mpp/3516C_src/common/comm_timer.o
                0x0002d9c4                eCOMM_TIMER_Eclipse
                0x0002da08                vCOMM_TIMER_Handle
                0x0002da38                eCOMM_TIMER_GetTimeOutVal
                0x0002da50                eCOMM_TIMER_GetFreeTimer
                0x0002dae0                eCOMM_TIMER_Deinit
                0x0002dba8                eCOMM_TIMER_Init
                0x0002dc44                eCOMM_TIMER_DeinitAll
                0x0002dd4c                eCOMM_TIMER_InitAll
 .text          0x0002de18      0x45c /home/liuboyuan/workspace/Hi3518_SDK_V1.0.8.0/mpp/3516C_src/common/comm_util.o
                0x0002de18                eCOMM_UTIL_GetFrameType
                0x0002debc                eCOMM_UTIL_LoadTimeValfile
                0x0002df80                eCOMM_UTIL_LoadTimeCalendarfile
                0x0002e050                eCOMM_UTIL_SaveCurTimeVal2file
                0x0002e138                eCOMM_UTIL_SaveCurCalendarTime2file
                0x0002e20c                eCOMM_UTIL_GetFileName
 .text          0x0002e274      0xa9c /home/liuboyuan/workspace/Hi3518_SDK_V1.0.8.0/mpp/lib/libmpi.a(mpi_region.o)
                0x0002e274                HI_MPI_RGN_GetFd
                0x0002e2d4                HI_MPI_RGN_GetDisplayAttr
                0x0002e3f0                HI_MPI_RGN_SetDisplayAttr
                0x0002e4fc                HI_MPI_RGN_DetachFrmChn
                0x0002e5d0                HI_MPI_RGN_AttachToChn
                0x0002e6dc                HI_MPI_RGN_GetAttachField
                0x0002e7ac                HI_MPI_RGN_SetAttachField
                0x0002e840                HI_MPI_RGN_UpdBitMap
                0x0002e918                HI_MPI_RGN_SetBitMap
                0x0002e9ec                HI_MPI_RGN_SetAttr
                0x0002eac8                HI_MPI_RGN_GetAttr
                0x0002ebac                HI_MPI_RGN_Destroy
                0x0002ec34                HI_MPI_RGN_Create
 .text          0x0002ed10     0x19ac /home/liuboyuan/workspace/Hi3518_SDK_V1.0.8.0/mpp/lib/libmpi.a(mpi_sys.o)
                0x0002ed10                HI_MPI_LOG_GetFileHandle
                0x0002ed74                HI_MPI_SYS_GetFileHandle
                0x0002edd4                HI_MPI_SYS_GetSerialId
                0x0002ee84                HI_MPI_SYS_GetChipId
                0x0002ef34                HI_MPI_SetSysWizardSignSzxy1
                0x0002efd0                HI_MPI_SYS_GetCustomCode
                0x0002f0b4                HI_MPI_SYS_GetVRegAddr
                0x0002f154                HI_MPI_LOG_GetLevelConf
                0x0002f204                HI_MPI_LOG_SetWaitFlag
                0x0002f288                HI_MPI_LOG_SetLevelConf
                0x0002f338                HI_MPI_SYS_SyncPts
                0x0002f3c0                HI_MPI_SYS_InitPtsBase
                0x0002f448                HI_MPI_SYS_GetCurPts
                0x0002f4d4                HI_MPI_SYS_GetConf
                0x0002f584                HI_MPI_SYS_SetConf
                0x0002f634                MPI_SYS_GetKernelConfig
                0x0002f718                HI_MPI_SYS_GetMemConf
                0x0002f820                HI_MPI_SYS_SetMemConf
                0x0002f948                HI_MPI_SYS_MmzFlushCache
                0x0002f9f0                HI_MPI_SYS_MmzFree
                0x0002fb1c                HI_MPI_SYS_MmzAlloc_Cached
                0x0002fc9c                HI_MPI_SYS_MmzAlloc
                0x0002fe1c                HI_MPI_SYS_CloseFd
                0x0002fef8                HI_MPI_LOG_Close
                0x0002ff30                HI_MPI_SYS_Munmap
                0x0002ff54                HI_MPI_SYS_Mmap
                0x0003002c                HI_MPI_SYS_GetReg
                0x00030068                HI_MPI_SYS_SetReg
                0x00030098                HI_MPI_LOG_Read
                0x00030114                HI_MPI_SYS_GetVersion
                0x00030160                HI_MPI_SYS_GetBindbyDest
                0x0003026c                HI_MPI_SYS_UnBind
                0x0003037c                HI_MPI_SYS_Bind
                0x00030488                HI_MPI_SYS_Exit
                0x00030514                HI_MPI_SYS_Init
 .text          0x000306bc      0xf3c /home/liuboyuan/workspace/Hi3518_SDK_V1.0.8.0/mpp/lib/libmpi.a(mpi_vb.o)
                0x000306bc                HI_MPI_VB_GetBlkVirAddr
                0x000307fc                HI_MPI_VB_GetFileHandle
                0x0003085c                HI_MPI_VB_GetConf
                0x000308e0                HI_MPI_VB_Handle2PoolId
                0x00030974                HI_MPI_VB_Handle2PhysAddr
                0x00030a00                HI_MPI_VB_ReleaseBlock
                0x00030a88                HI_MPI_VB_DestroyPool
                0x00030b10                HI_MPI_VB_MunmapPool
                0x00030d14                HI_MPI_VB_MmapPool
                0x00030edc                HI_MPI_VB_SetConf
                0x00031220                HI_MPI_VB_Exit
                0x000312b0                HI_MPI_VB_Init
                0x0003138c                HI_MPI_VB_GetBlock
                0x000314e0                HI_MPI_VB_CreatePool
 .text          0x000315f8     0xaabc /home/liuboyuan/workspace/Hi3518_SDK_V1.0.8.0/mpp/lib/libmpi.a(mpi_venc.o)
                0x000315f8                VencVirt2User
                0x0003162c                VencVirt2Phy
                0x00031660                VencUser2Virt
                0x00031694                MPI_VENC_Exit
                0x000316fc                MPI_VENC_Init
                0x00031898                HI_MPI_VENC_SetH264eRefParam
                0x00031a88                HI_MPI_VENC_GetH264eRefParam
                0x00031c88                HI_MPI_VENC_EnableIDR
                0x00031e48                HI_MPI_VENC_SendFrame
                0x00031fa8                HI_MPI_VENC_VpssQuery
                0x00032108                HI_MPI_VENC_VpssSend
                0x00032268                HI_MPI_GRP_GetFileHandle
                0x00032374                HI_MPI_VENC_SetGrpFrmRate
                0x000324d4                HI_MPI_VENC_GetGrpFrmRate
                0x00032634                HI_MPI_VENC_SetGrpColor2Grey
                0x00032794                HI_MPI_VENC_GetGrpColor2Grey
                0x000328f4                HI_MPI_VENC_SetGrpCrop
                0x00032a54                HI_MPI_VENC_GetGrpCrop
                0x00032bb4                HI_MPI_VENC_GetColor2GreyConf
                0x00032d48                HI_MPI_VENC_CreateGroup
                0x00032f04                HI_MPI_VENC_DestroyGroup
                0x000330c4                HI_MPI_VENC_SetColor2GreyConf
                0x00033258                HI_MPI_VENC_GetCapability
                0x00033544                HI_MPI_VENC_InsertUserData
                0x00033808                HI_MPI_VENC_GetStreamBufInfo
                0x00033aa8                HI_MPI_VENC_GetStream
                0x00033e5c                HI_MPI_VENC_ReleaseStream
                0x0003415c                HI_MPI_VENC_SetMaxStreamCnt
                0x000343bc                HI_MPI_VENC_GetMaxStreamCnt
                0x00034658                HI_MPI_VENC_RequestIDR
                0x000348b0                HI_MPI_VENC_RequestIDRInst
                0x00034b08                HI_MPI_VENC_StartRecvPic
                0x00034d60                HI_MPI_VENC_StopRecvPic
                0x00034fb8                HI_MPI_VENC_Query
                0x00035258                HI_MPI_VENC_DestroyChn
                0x000354d4                HI_MPI_VENC_GetChnAttr
                0x000357c8                HI_MPI_VENC_SetChnAttr
                0x00035a88                HI_MPI_VENC_SetRcPara
                0x00035d28                HI_MPI_VENC_GetRcPara
                0x00035fc8                HI_MPI_VENC_GetFd
                0x00036210                HI_MPI_VENC_GetRoiCfg
                0x000364fc                HI_MPI_VENC_SetRoiCfg
                0x000367dc                HI_MPI_VENC_SetH264SliceSplit
                0x00036a7c                HI_MPI_VENC_GetH264SliceSplit
                0x00036d1c                HI_MPI_VENC_SetH264InterPred
                0x00036fbc                HI_MPI_VENC_GetH264InterPred
                0x0003725c                HI_MPI_VENC_SetH264IntraPred
                0x0003750c                HI_MPI_VENC_GetH264IntraPred
                0x000377bc                HI_MPI_VENC_SetH264Trans
                0x00037a6c                HI_MPI_VENC_GetH264Trans
                0x00037d0c                HI_MPI_VENC_SetH264Entropy
                0x00037fbc                HI_MPI_VENC_GetH264Entropy
                0x0003826c                HI_MPI_VENC_SetH264Poc
                0x0003851c                HI_MPI_VENC_GetH264Poc
                0x000387cc                HI_MPI_VENC_SetH264Dblk
                0x00038a7c                HI_MPI_VENC_CreateChn
                0x00038f08                HI_MPI_VENC_RegisterChn
                0x000391a4                HI_MPI_VENC_UnRegisterChn
                0x00039404                HI_MPI_VENC_EnableInterPskip
                0x00039670                HI_MPI_VENC_SetJpegSnapMode
                0x000398dc                HI_MPI_VENC_GetJpegSnapMode
                0x00039b8c                HI_MPI_VENC_StartRecvPicEx
                0x00039e2c                HI_MPI_VENC_GetH264Dblk
                0x0003a0dc                HI_MPI_VENC_SetH264RDO
                0x0003a38c                HI_MPI_VENC_GetH264RDO
                0x0003a63c                HI_MPI_VENC_SetH264Vui
                0x0003a8ec                HI_MPI_VENC_GetH264Vui
                0x0003ab9c                HI_MPI_VENC_SetJpegParam
                0x0003ae4c                HI_MPI_VENC_GetJpegParam
                0x0003b0ec                HI_MPI_VENC_SetMjpegParam
                0x0003b39c                HI_MPI_VENC_GetMjpegParam
                0x0003b648                HI_MPI_VENC_SetMpeg4Param
                0x0003b8f8                HI_MPI_VENC_GetMpeg4Param
                0x0003bb98                HI_MPI_VENC_SetH264eRefMode
                0x0003be04                HI_MPI_VENC_GetH264eRefMode
 .text          0x0003c0b4     0x501c /home/liuboyuan/workspace/Hi3518_SDK_V1.0.8.0/mpp/lib/libmpi.a(mpi_vi.o)
                0x0003c0b4                HI_MPI_VI_SetDevAntifogAttr
                0x0003c254                HI_MPI_VI_GetChnLuma
                0x0003c408                HI_MPI_VI_GetRotate
                0x0003c5bc                HI_MPI_VI_SetRotate
                0x0003c714                HI_MPI_VI_GetLDCAttr
                0x0003c8c4                HI_MPI_VI_SetLDCAttr
                0x0003ca74                HI_MPI_VI_GetExtChnAttr
                0x0003cc2c                HI_MPI_VI_SetExtChnAttr
                0x0003cde4                HI_MPI_VI_GetCSCAttr
                0x0003cf8c                HI_MPI_VI_SetCSCAttr
                0x0003d134                HI_MPI_VI_FlashTrigger
                0x0003d284                HI_MPI_VI_GetFlashConfig
                0x0003d430                HI_MPI_VI_SetFlashConfig
                0x0003d5dc                HI_MPI_VI_SetRegDelayTime
                0x0003d6cc                HI_MPI_VI_Query
                0x0003d87c                HI_MPI_VI_GetFd
                0x0003d9c0                HI_MPI_VI_DisableUserPic
                0x0003db10                HI_MPI_VI_EnableUserPic
                0x0003dc60                HI_MPI_VI_SetUserPic
                0x0003de10                HI_MPI_VI_GetDevAttrEx
                0x0003dfbc                HI_MPI_VI_SetDevAttrEx
                0x0003e164                HI_MPI_VI_GetChnBind
                0x0003e318                HI_MPI_VI_ChnUnBind
                0x0003e468                HI_MPI_VI_ChnBind
                0x0003e618                HI_MPI_VI_DisableCascadeChn
                0x0003e768                HI_MPI_VI_EnableCascadeChn
                0x0003e8b4                HI_MPI_VI_DisableCascade
                0x0003e9fc                HI_MPI_VI_EnableCascade
                0x0003eb40                HI_MPI_VI_DisableVbi
                0x0003ecec                HI_MPI_VI_EnableVbi
                0x0003ee98                HI_MPI_VI_GetVbiAttr
                0x0003f0b8                HI_MPI_VI_SetVbiAttr
                0x0003f2d8                HI_MPI_VI_GetFrameDepth
                0x0003f488                HI_MPI_VI_SetFrameDepth
                0x0003f5e0                HI_MPI_VI_ReleaseFrame
                0x0003f790                HI_MPI_VI_GetFrameTimeOut
                0x0003f94c                HI_MPI_VI_GetFrame
                0x0003fafc                HI_MPI_VI_DisableChnInterrupt
                0x0003fc4c                HI_MPI_VI_EnableChnInterrupt
                0x0003fd9c                HI_MPI_VI_DisableUserPicRegion
                0x0003fee8                HI_MPI_VI_EnableUserPicRegion
                0x00040038                HI_MPI_VI_DisableChn
                0x00040188                HI_MPI_VI_EnableChn
                0x000402d8                HI_MPI_VI_ClearChnMinorAttr
                0x0004042c                HI_MPI_VI_GetChnMinorAttr
                0x000405d8                HI_MPI_VI_SetChnMinorAttr
                0x0004078c                HI_MPI_VI_GetChnAttr
                0x00040940                HI_MPI_VI_SetChnAttr
                0x00040aec                HI_MPI_VI_DisableDev
                0x00040c34                HI_MPI_VI_EnableDev
                0x00040d78                HI_MPI_VI_GetDevAttr
                0x00040f24                HI_MPI_VI_SetDevAttr
 .text          0x000410d0     0x5354 /home/liuboyuan/workspace/Hi3518_SDK_V1.0.8.0/mpp/lib/libmpi.a(mpi_vpss.o)
                0x000410d0                HI_MPI_VPSS_GetDelay
                0x0004127c                HI_MPI_VPSS_SetDelay
                0x000413d8                HI_MPI_VPSS_GetImageQualityCfg
                0x0004158c                HI_MPI_VPSS_SetImageQualityCfg
                0x00041740                HI_MPI_VPSS_GetExtChnAttr
                0x00041960                HI_MPI_VPSS_SetExtChnAttr
                0x00041b80                HI_MPI_VPSS_GetGrpFrameRate
                0x00041d34                HI_MPI_VPSS_SetGrpFrameRate
                0x00041eec                HI_MPI_VPSS_GetGrpSizer
                0x000420a0                HI_MPI_VPSS_SetGrpSizer
                0x00042258                HI_MPI_VPSS_GetGrpField
                0x0004240c                HI_MPI_VPSS_SetGrpField
                0x00042568                HI_MPI_VPSS_GetChnField
                0x00042788                HI_MPI_VPSS_SetChnField
                0x00042950                HI_MPI_VPSS_GetPreScale
                0x00042b08                HI_MPI_VPSS_SetPreScale
                0x00042cbc                HI_MPI_VPSS_GetChnSpParam
                0x00042edc                HI_MPI_VPSS_SetChnSpParam
                0x000430fc                HI_MPI_VPSS_GetChnNrParam
                0x0004331c                HI_MPI_VPSS_SetChnNrParam
                0x0004353c                HI_MPI_VPSS_GetDepth
                0x0004375c                HI_MPI_VPSS_SetDepth
                0x00043920                HI_MPI_VPSS_GetChnMode
                0x00043b40                HI_MPI_VPSS_SetChnMode
                0x00043d60                HI_MPI_VPSS_GetGrpParam
                0x00043f14                HI_MPI_VPSS_SetGrpParam
                0x000440cc                HI_MPI_VPSS_SetChnAttr
                0x000442ec                HI_MPI_VPSS_GetChnAttr
                0x0004450c                HI_MPI_VPSS_UserReleaseGrpFrame
                0x000446c0                HI_MPI_VPSS_UserGetGrpFrame
                0x00044880                HI_MPI_VPSS_UserReleaseFrame
                0x00044aa0                HI_MPI_VPSS_UserGetFrame
                0x00044cc0                HI_MPI_VPSS_UserSendFrameTimeout
                0x00044e90                HI_MPI_VPSS_UserSendFrame